Component: Arm Compiler for Embedded 6.19 Tool: armlink [5e73cb00]

==============================================================================

Section Cross References

    chassistask.o(.text.ChassisTask) refers to cmsis_os.o(.text.osDelay) for osDelay
    chassistask.o(.text.ChassisTask) refers to chassistask.o(.bss.PostureY_pid) for PostureY_pid
    chassistask.o(.text.ChassisTask) refers to pid.o(.text.PID_Init) for PID_Init
    chassistask.o(.text.ChassisTask) refers to chassistask.o(.bss.PostureX_pid) for PostureX_pid
    chassistask.o(.text.ChassisTask) refers to chassistask.o(.bss.Speed_pid) for Speed_pid
    chassistask.o(.text.ChassisTask) refers to chassistask.o(.bss.PitAngle_pid) for PitAngle_pid
    chassistask.o(.text.ChassisTask) refers to chassistask.o(.bss.PitGyro_pid) for PitGyro_pid
    chassistask.o(.text.ChassisTask) refers to chassistask.o(.bss.Turn_pid) for Turn_pid
    chassistask.o(.text.ChassisTask) refers to chassistask.o(.bss.RightWheel_pid) for RightWheel_pid
    chassistask.o(.text.ChassisTask) refers to chassistask.o(.bss.LeftWheel_pid) for LeftWheel_pid
    chassistask.o(.text.ChassisTask) refers to chassistask.o(.bss.Sideway_pid) for Sideway_pid
    chassistask.o(.text.ChassisTask) refers to chassistask.o(.bss.ArmAngle_pid) for ArmAngle_pid
    chassistask.o(.text.ChassisTask) refers to chassistask.o(.bss.ArmSpeed_pid) for ArmSpeed_pid
    chassistask.o(.text.ChassisTask) refers to chassistask.o(.bss.TableAngle_pid) for TableAngle_pid
    chassistask.o(.text.ChassisTask) refers to chassistask.o(.bss.TableSpeed_pid) for TableSpeed_pid
    chassistask.o(.text.ChassisTask) refers to motor.o(.data.Balance) for Balance
    chassistask.o(.text.ChassisTask) refers to chassistask.o(.bss.Table) for Table
    chassistask.o(.text.ChassisTask) refers to chassistask.o(.bss.Arm_down) for Arm_down
    chassistask.o(.text.ChassisTask) refers to instask.o(.bss.Game_Start) for Game_Start
    chassistask.o(.text.ChassisTask) refers to myusart.o(.bss.Presentline) for Presentline
    chassistask.o(.text.ChassisTask) refers to chassistask.o(.bss.Goalline) for Goalline
    chassistask.o(.text.ChassisTask) refers to chassistask.o(.bss.IF_Arm_Down) for IF_Arm_Down
    chassistask.o(.text.ChassisTask) refers to chassistask.o(.bss.tableCnt) for tableCnt
    chassistask.o(.text.ChassisTask) refers to chassistask.o(.bss.Arm_up) for Arm_up
    chassistask.o(.text.ChassisTask) refers to tim.o(.bss.htim1) for htim1
    chassistask.o(.text.ChassisTask) refers to chassistask.o(.bss.Left_Speed) for Left_Speed
    chassistask.o(.text.ChassisTask) refers to chassistask.o(.bss.Right_Speed) for Right_Speed
    chassistask.o(.text.ChassisTask) refers to cmsis_os.o(.text.osKernelSysTick) for osKernelSysTick
    chassistask.o(.text.ChassisTask) refers to chassistask.o(.bss.Point_Action.point_Cnt) for Point_Action.point_Cnt
    chassistask.o(.text.ChassisTask) refers to chassistask.o(.data.GoalPoint) for GoalPoint
    chassistask.o(.text.ChassisTask) refers to chassistask.o(.bss.Point_Action.Switch_Cnt) for Point_Action.Switch_Cnt
    chassistask.o(.text.ChassisTask) refers to chassistask.o(.bss.distance) for distance
    chassistask.o(.text.ChassisTask) refers to chassistask.o(.bss.Point_Action.IF_OUT_ENABLE) for Point_Action.IF_OUT_ENABLE
    chassistask.o(.text.ChassisTask) refers to chassistask.o(.bss.Point_Action.IF_GET_ENABLE) for Point_Action.IF_GET_ENABLE
    chassistask.o(.text.ChassisTask) refers to chassistask.o(.bss.GetBall_Ctrl.Reset) for GetBall_Ctrl.Reset
    chassistask.o(.text.ChassisTask) refers to chassistask.o(.bss.GetBall_Ctrl.Arm_Cnt) for GetBall_Ctrl.Arm_Cnt
    chassistask.o(.text.ChassisTask) refers to chassistask.o(.bss.OutBall_Ctrl.Reset) for OutBall_Ctrl.Reset
    chassistask.o(.text.ChassisTask) refers to chassistask.o(.bss.OutBall_Ctrl.Out_Cnt) for OutBall_Ctrl.Out_Cnt
    chassistask.o(.text.ChassisTask) refers to chassistask.o(.bss.speed) for speed
    chassistask.o(.text.ChassisTask) refers to pid.o(.text.f_PID_Calculate) for f_PID_Calculate
    chassistask.o(.text.ChassisTask) refers to chassistask.o(.bss.target_y) for target_y
    chassistask.o(.text.ChassisTask) refers to chassistask.o(.bss.target_x) for target_x
    chassistask.o(.text.ChassisTask) refers to chassistask.o(.data.midangle) for midangle
    chassistask.o(.text.ChassisTask) refers to instask.o(.bss.Imu) for Imu
    chassistask.o(.text.ChassisTask) refers to chassistask.o(.bss.leftExp) for leftExp
    chassistask.o(.text.ChassisTask) refers to chassistask.o(.bss.rightExp) for rightExp
    chassistask.o(.text.ChassisTask) refers to chassistask.o(.bss.leftout) for leftout
    chassistask.o(.text.ChassisTask) refers to chassistask.o(.bss.rightout) for rightout
    chassistask.o(.text.ChassisTask) refers to chassistask.o(.bss.sideout) for sideout
    chassistask.o(.text.ChassisTask) refers to chassistask.o(.bss.armout) for armout
[...]
    BMI088_accel_read_over                   0x080004bd   Thumb Code   116  bmi088.o(.text.BMI088_accel_read_over)
    BMI088_gyro_read_over                    0x08000531   Thumb Code    78  bmi088.o(.text.BMI088_gyro_read_over)
    BMI088_init                              0x0800057f   Thumb Code    36  bmi088.o(.text.BMI088_init)
    BMI088_read                              0x080005a3   Thumb Code   374  bmi088.o(.text.BMI088_read)
    BMI088_temperature_read_over             0x0800074d   Thumb Code    60  bmi088.o(.text.BMI088_temperature_read_over)
    BusFault_Handler                         0x08000789   Thumb Code     2  stm32f4xx_it.o(.text.BusFault_Handler)
    CAN1_RX0_IRQHandler                      0x0800078b   Thumb Code    12  stm32f4xx_it.o(.text.CAN1_RX0_IRQHandler)
    CAN1_TX_IRQHandler                       0x08000797   Thumb Code    12  stm32f4xx_it.o(.text.CAN1_TX_IRQHandler)
    CAN1_rxDataHandler                       0x080007a3   Thumb Code    60  mycan.o(.text.CAN1_rxDataHandler)
    CAN2_RX0_IRQHandler                      0x080007df   Thumb Code    12  stm32f4xx_it.o(.text.CAN2_RX0_IRQHandler)
    CAN2_TX_IRQHandler                       0x080007eb   Thumb Code    12  stm32f4xx_it.o(.text.CAN2_TX_IRQHandler)
    CAN_Init                                 0x080007f7   Thumb Code    98  mycan.o(.text.CAN_Init)
    ChassisTask                              0x08000859   Thumb Code  3114  chassistask.o(.text.ChassisTask)
    DMA2_Stream1_IRQHandler                  0x08001483   Thumb Code    12  stm32f4xx_it.o(.text.DMA2_Stream1_IRQHandler)
    DMA2_Stream2_IRQHandler                  0x0800148f   Thumb Code    22  stm32f4xx_it.o(.text.DMA2_Stream2_IRQHandler)
    DMA2_Stream3_IRQHandler                  0x080014a5   Thumb Code    12  stm32f4xx_it.o(.text.DMA2_Stream3_IRQHandler)
    DMA2_Stream5_IRQHandler                  0x080014b1   Thumb Code    12  stm32f4xx_it.o(.text.DMA2_Stream5_IRQHandler)
    DMA2_Stream6_IRQHandler                  0x080014bd   Thumb Code    12  stm32f4xx_it.o(.text.DMA2_Stream6_IRQHandler)
    DMA2_Stream7_IRQHandler                  0x080014c9   Thumb Code    12  stm32f4xx_it.o(.text.DMA2_Stream7_IRQHandler)
    DebugMon_Handler                         0x080014d5   Thumb Code     2  stm32f4xx_it.o(.text.DebugMon_Handler)
    EXTI4_IRQHandler                         0x080014d7   Thumb Code     6  stm32f4xx_it.o(.text.EXTI4_IRQHandler)
    EXTI9_5_IRQHandler                       0x080014dd   Thumb Code    20  stm32f4xx_it.o(.text.EXTI9_5_IRQHandler)
    Error_Handler                            0x080014f1   Thumb Code    10  main.o(.text.Error_Handler)
    HAL_CAN_ActivateNotification             0x080014fb   Thumb Code    38  stm32f4xx_hal_can.o(.text.HAL_CAN_ActivateNotification)
    HAL_CAN_ConfigFilter                     0x08001521   Thumb Code   222  stm32f4xx_hal_can.o(.text.HAL_CAN_ConfigFilter)
    HAL_CAN_ErrorCallback                    0x080015ff   Thumb Code     2  stm32f4xx_hal_can.o(.text.HAL_CAN_ErrorCallback)
    HAL_CAN_GetRxMessage                     0x08001601   Thumb Code   268  stm32f4xx_hal_can.o(.text.HAL_CAN_GetRxMessage)
    HAL_CAN_IRQHandler                       0x0800170d   Thumb Code   512  stm32f4xx_hal_can.o(.text.HAL_CAN_IRQHandler)
    HAL_CAN_Init                             0x0800190d   Thumb Code   240  stm32f4xx_hal_can.o(.text.HAL_CAN_Init)
    HAL_CAN_MspInit                          0x080019fd   Thumb Code   288  can.o(.text.HAL_CAN_MspInit)
    HAL_CAN_RxFifo0FullCallback              0x08001b1d   Thumb Code     2  stm32f4xx_hal_can.o(.text.HAL_CAN_RxFifo0FullCallback)
    HAL_CAN_RxFifo0MsgPendingCallback        0x08001b1f   Thumb Code   110  mycan.o(.text.HAL_CAN_RxFifo0MsgPendingCallback)
    HAL_CAN_RxFifo1FullCallback              0x08001b8d   Thumb Code     2  stm32f4xx_hal_can.o(.text.HAL_CAN_RxFifo1FullCallback)
    HAL_CAN_RxFifo1MsgPendingCallback        0x08001b8f   Thumb Code     2  stm32f4xx_hal_can.o(.text.HAL_CAN_RxFifo1MsgPendingCallback)
    HAL_CAN_SleepCallback                    0x08001b91   Thumb Code     2  stm32f4xx_hal_can.o(.text.HAL_CAN_SleepCallback)
    HAL_CAN_Start                            0x08001b95   Thumb Code    88  stm32f4xx_hal_can.o(.text.HAL_CAN_Start)
    HAL_CAN_TxMailbox0AbortCallback          0x08001bed   Thumb Code     2  stm32f4xx_hal_can.o(.text.HAL_CAN_TxMailbox0AbortCallback)
    HAL_CAN_TxMailbox0CompleteCallback       0x08001bef   Thumb Code     2  stm32f4xx_hal_can.o(.text.HAL_CAN_TxMailbox0CompleteCallback)
    HAL_CAN_TxMailbox1AbortCallback          0x08001bf1   Thumb Code     2  stm32f4xx_hal_can.o(.text.HAL_CAN_TxMailbox1AbortCallback)
    HAL_CAN_TxMailbox1CompleteCallback       0x08001bf3   Thumb Code     2  stm32f4xx_hal_can.o(.text.HAL_CAN_TxMailbox1CompleteCallback)
    HAL_CAN_TxMailbox2AbortCallback          0x08001bf5   Thumb Code     2  stm32f4xx_hal_can.o(.text.HAL_CAN_TxMailbox2AbortCallback)
    HAL_CAN_TxMailbox2CompleteCallback       0x08001bf7   Thumb Code     2  stm32f4xx_hal_can.o(.text.HAL_CAN_TxMailbox2CompleteCallback)
    HAL_CAN_WakeUpFromRxMsgCallback          0x08001bf9   Thumb Code     2  stm32f4xx_hal_can.o(.text.HAL_CAN_WakeUpFromRxMsgCallback)
    HAL_DMA_Abort                            0x08001bfd   Thumb Code   128  stm32f4xx_hal_dma.o(.text.HAL_DMA_Abort)
    HAL_DMA_Abort_IT                         0x08001c7d   Thumb Code    36  stm32f4xx_hal_dma.o(.text.HAL_DMA_Abort_IT)
    HAL_DMA_IRQHandler                       0x08001ca1   Thumb Code   390  stm32f4xx_hal_dma.o(.text.HAL_DMA_IRQHandler)
    HAL_DMA_Init                             0x08001e29   Thumb Code   328  stm32f4xx_hal_dma.o(.text.HAL_DMA_Init)
    HAL_DMA_Start_IT                         0x08001f71   Thumb Code   156  stm32f4xx_hal_dma.o(.text.HAL_DMA_Start_IT)
    HAL_GPIO_EXTI_Callback                   0x0800200d   Thumb Code   250  instask.o(.text.HAL_GPIO_EXTI_Callback)
    HAL_GPIO_EXTI_IRQHandler                 0x08002107   Thumb Code    22  stm32f4xx_hal_gpio.o(.text.HAL_GPIO_EXTI_IRQHandler)
    HAL_GPIO_Init                            0x0800211d   Thumb Code   420  stm32f4xx_hal_gpio.o(.text.HAL_GPIO_Init)
    HAL_GPIO_WritePin                        0x080022c1   Thumb Code    10  stm32f4xx_hal_gpio.o(.text.HAL_GPIO_WritePin)
    HAL_GetTick                              0x080022cb   Thumb Code    12  stm32f4xx_hal.o(.text.HAL_GetTick)
    HAL_IncTick                              0x080022d7   Thumb Code    26  stm32f4xx_hal.o(.text.HAL_IncTick)
    HAL_Init                                 0x080022f1   Thumb Code    54  stm32f4xx_hal.o(.text.HAL_Init)
    HAL_InitTick                             0x08002327   Thumb Code   172  stm32f4xx_hal_timebase_tim.o(.text.HAL_InitTick)
    HAL_MspInit                              0x080023d3   Thumb Code    66  stm32f4xx_hal_msp.o(.text.HAL_MspInit)
    HAL_NVIC_EnableIRQ                       0x08002415   Thumb Code    36  stm32f4xx_hal_cortex.o(.text.HAL_NVIC_EnableIRQ)
    HAL_NVIC_SetPriority                     0x08002439   Thumb Code    86  stm32f4xx_hal_cortex.o(.text.HAL_NVIC_SetPriority)
    HAL_NVIC_SetPriorityGrouping             0x0800248f   Thumb Code    32  stm32f4xx_hal_cortex.o(.text.HAL_NVIC_SetPriorityGrouping)
    HAL_RCC_ClockConfig                      0x080024b1   Thumb Code   334  stm32f4xx_hal_rcc.o(.text.HAL_RCC_ClockConfig)
    HAL_RCC_GetClockConfig                   0x080025ff   Thumb Code    62  stm32f4xx_hal_rcc.o(.text.HAL_RCC_GetClockConfig)
    HAL_RCC_GetPCLK1Freq                     0x0800263d   Thumb Code    38  stm32f4xx_hal_rcc.o(.text.HAL_RCC_GetPCLK1Freq)
    HAL_RCC_GetPCLK2Freq                     0x08002663   Thumb Code    38  stm32f4xx_hal_rcc.o(.text.HAL_RCC_GetPCLK2Freq)
    HAL_RCC_GetSysClockFreq                  0x08002689   Thumb Code   104  stm32f4xx_hal_rcc.o(.text.HAL_RCC_GetSysClockFreq)
    HAL_RCC_OscConfig                        0x080026f1   Thumb Code   856  stm32f4xx_hal_rcc.o(.text.HAL_RCC_OscConfig)
    HAL_SPI_ErrorCallback                    0x08002a49   Thumb Code     2  stm32f4xx_hal_spi.o(.text.HAL_SPI_ErrorCallback)
    HAL_SPI_IRQHandler                       0x08002a4b   Thumb Code   276  stm32f4xx_hal_spi.o(.text.HAL_SPI_IRQHandler)
    HAL_SPI_Init                             0x08002b5f   Thumb Code   180  stm32f4xx_hal_spi.o(.text.HAL_SPI_Init)
    HAL_SPI_MspInit                          0x08002c13   Thumb Code   292  spi.o(.text.HAL_SPI_MspInit)
    HAL_SPI_TransmitReceive                  0x08002d39   Thumb Code   474  stm32f4xx_hal_spi.o(.text.HAL_SPI_TransmitReceive)
    HAL_TIMEx_BreakCallback                  0x08002f13   Thumb Code     2  stm32f4xx_hal_tim_ex.o(.text.HAL_TIMEx_BreakCallback)
    HAL_TIMEx_CommutCallback                 0x08002f15   Thumb Code     2  stm32f4xx_hal_tim_ex.o(.text.HAL_TIMEx_CommutCallback)
    HAL_TIMEx_ConfigBreakDeadTime            0x08002f17   Thumb Code    76  stm32f4xx_hal_tim_ex.o(.text.HAL_TIMEx_ConfigBreakDeadTime)
    HAL_TIMEx_MasterConfigSynchronization    0x08002f63   Thumb Code   174  stm32f4xx_hal_tim_ex.o(.text.HAL_TIMEx_MasterConfigSynchronization)
    HAL_TIM_Base_Init                        0x08003011   Thumb Code    88  stm32f4xx_hal_tim.o(.text.HAL_TIM_Base_Init)
    HAL_TIM_Base_MspInit                     0x08003069   Thumb Code    50  tim.o(.text.HAL_TIM_Base_MspInit)
    HAL_TIM_Base_Start                       0x0800309b   Thumb Code   152  stm32f4xx_hal_tim.o(.text.HAL_TIM_Base_Start)
    HAL_TIM_Base_Start_IT                    0x08003133   Thumb Code   160  stm32f4xx_hal_tim.o(.text.HAL_TIM_Base_Start_IT)
    HAL_TIM_IC_CaptureCallback               0x080031d3   Thumb Code     2  stm32f4xx_hal_tim.o(.text.HAL_TIM_IC_CaptureCallback)
    HAL_TIM_IRQHandler                       0x080031d5   Thumb Code   362  stm32f4xx_hal_tim.o(.text.HAL_TIM_IRQHandler)
    HAL_TIM_MspPostInit                      0x0800333f   Thumb Code   358  tim.o(.text.HAL_TIM_MspPostInit)
    HAL_TIM_OC_DelayElapsedCallback          0x080034a5   Thumb Code     2  stm32f4xx_hal_tim.o(.text.HAL_TIM_OC_DelayElapsedCallback)
    HAL_TIM_PWM_ConfigChannel                0x080034a9   Thumb Code   152  stm32f4xx_hal_tim.o(.text.HAL_TIM_PWM_ConfigChannel)
    HAL_TIM_PWM_Init                         0x08003541   Thumb Code    88  stm32f4xx_hal_tim.o(.text.HAL_TIM_PWM_Init)
    HAL_TIM_PWM_MspInit                      0x08003599   Thumb Code   180  tim.o(.text.HAL_TIM_PWM_MspInit)
    HAL_TIM_PWM_PulseFinishedCallback        0x0800364d   Thumb Code     2  stm32f4xx_hal_tim.o(.text.HAL_TIM_PWM_PulseFinishedCallback)
    HAL_TIM_PWM_Start                        0x0800364f   Thumb Code   260  stm32f4xx_hal_tim.o(.text.HAL_TIM_PWM_Start)
    HAL_TIM_PeriodElapsedCallback            0x08003753   Thumb Code    14  main.o(.text.HAL_TIM_PeriodElapsedCallback)
    HAL_TIM_TriggerCallback                  0x08003761   Thumb Code     2  stm32f4xx_hal_tim.o(.text.HAL_TIM_TriggerCallback)
    HAL_UARTEx_RxEventCallback               0x08003763   Thumb Code     2  stm32f4xx_hal_uart.o(.text.HAL_UARTEx_RxEventCallback)
    HAL_UART_ErrorCallback                   0x08003765   Thumb Code     2  stm32f4xx_hal_uart.o(.text.HAL_UART_ErrorCallback)
    HAL_UART_IRQHandler                      0x08003769   Thumb Code   692  stm32f4xx_hal_uart.o(.text.HAL_UART_IRQHandler)
    HAL_UART_Init                            0x08003a1d   Thumb Code    92  stm32f4xx_hal_uart.o(.text.HAL_UART_Init)
    HAL_UART_MspInit                         0x08003a79   Thumb Code   538  usart.o(.text.HAL_UART_MspInit)
    HAL_UART_Receive_DMA                     0x08003c93   Thumb Code    48  stm32f4xx_hal_uart.o(.text.HAL_UART_Receive_DMA)
    HAL_UART_RxCpltCallback                  0x08003cc3   Thumb Code     2  stm32f4xx_hal_uart.o(.text.HAL_UART_RxCpltCallback)
    HAL_UART_RxHalfCpltCallback              0x08003cc5   Thumb Code     2  stm32f4xx_hal_uart.o(.text.HAL_UART_RxHalfCpltCallback)
    HAL_UART_TxCpltCallback                  0x08003cc7   Thumb Code     2  stm32f4xx_hal_uart.o(.text.HAL_UART_TxCpltCallback)
    HardFault_Handler                        0x08003cc9   Thumb Code     2  stm32f4xx_it.o(.text.HardFault_Handler)
    IIC_Ack                                  0x08003ccb   Thumb Code    68  myiic.o(.text.IIC_Ack)
    IIC_NAck                                 0x08003d0f   Thumb Code    68  myiic.o(.text.IIC_NAck)
    IIC_Read_Byte                            0x08003d55   Thumb Code   118  myiic.o(.text.IIC_Read_Byte)
    IIC_Send_Byte                            0x08003dcd   Thumb Code   108  myiic.o(.text.IIC_Send_Byte)
    IIC_Start                                0x08003e39   Thumb Code    68  myiic.o(.text.IIC_Start)
    IIC_Stop                                 0x08003e7d   Thumb Code    70  myiic.o(.text.IIC_Stop)
    IIC_Wait_Ack                             0x08003ec5   Thumb Code    86  myiic.o(.text.IIC_Wait_Ack)
    MX_CAN1_Init                             0x08003f1b   Thumb Code    62  can.o(.text.MX_CAN1_Init)
    MX_CAN2_Init                             0x08003f59   Thumb Code    62  can.o(.text.MX_CAN2_Init)
    MX_DMA_Init                              0x08003f97   Thumb Code   136  dma.o(.text.MX_DMA_Init)
    MX_FREERTOS_Init                         0x08004021   Thumb Code   220  freertos.o(.text.MX_FREERTOS_Init)
    MX_GPIO_Init                             0x080040fd   Thumb Code   340  gpio.o(.text.MX_GPIO_Init)
    MX_SPI1_Init                             0x08004251   Thumb Code    74  spi.o(.text.MX_SPI1_Init)
    MX_TIM10_Init                            0x0800429b   Thumb Code   126  tim.o(.text.MX_TIM10_Init)
    MX_TIM12_Init                            0x08004319   Thumb Code   106  tim.o(.text.MX_TIM12_Init)
    MX_TIM1_Init                             0x08004383   Thumb Code   224  tim.o(.text.MX_TIM1_Init)
    MX_TIM4_Init                             0x08004463   Thumb Code   132  tim.o(.text.MX_TIM4_Init)
    MX_TIM8_Init                             0x080044e7   Thumb Code   182  tim.o(.text.MX_TIM8_Init)
    MX_USART1_UART_Init                      0x0800459d   Thumb Code    84  usart.o(.text.MX_USART1_UART_Init)
    MX_USART6_UART_Init                      0x080045f1   Thumb Code    58  usart.o(.text.MX_USART6_UART_Init)
    MahonyAHRSupdate                         0x0800462d   Thumb Code  1104  mahonyahrs.o(.text.MahonyAHRSupdate)
    MahonyAHRSupdateIMU                      0x08004a7d   Thumb Code   668  mahonyahrs.o(.text.MahonyAHRSupdateIMU)
    MemManage_Handler                        0x08004d19   Thumb Code     2  stm32f4xx_it.o(.text.MemManage_Handler)
    NMI_Handler                              0x08004d1d   Thumb Code     2  stm32f4xx_it.o(.text.NMI_Handler)
    PID_Delta_init                           0x08004d1f   Thumb Code    10  pid.o(.text.PID_Delta_init)
    PID_Init                                 0x08004d29   Thumb Code    54  pid.o(.text.PID_Init)
    PendSV_Handler                           0x08004d61   Thumb Code   100  port.o(.text.PendSV_Handler)
    SPI1_DMA_enable                          0x08004dc5   Thumb Code  2060  myspi.o(.text.SPI1_DMA_enable)
    SPI1_DMA_init                            0x080055d1   Thumb Code   226  myspi.o(.text.SPI1_DMA_init)
    SPI1_IRQHandler                          0x080056b3   Thumb Code    12  stm32f4xx_it.o(.text.SPI1_IRQHandler)
    SPI_ReadWriteByte                        0x08005731   Thumb Code    44  myspi.o(.text.SPI_ReadWriteByte)
    SVC_Handler                              0x08005821   Thumb Code    36  port.o(.text.SVC_Handler)
    SerialTask                               0x08005845   Thumb Code    90  serialtask.o(.text.SerialTask)
    StartInsTask                             0x080058a1   Thumb Code   696  instask.o(.text.StartInsTask)
    SysTick_Handler                          0x08005b59   Thumb Code    46  port.o(.text.SysTick_Handler)
    SystemClock_Config                       0x08005b89   Thumb Code   174  main.o(.text.SystemClock_Config)
    SystemInit                               0x08005c37   Thumb Code    18  system_stm32f4xx.o(.text.SystemInit)
    TIM2_IRQHandler                          0x08005c49   Thumb Code    12  stm32f4xx_it.o(.text.TIM2_IRQHandler)
    TIM_Base_SetConfig                       0x08005c55   Thumb Code   284  stm32f4xx_hal_tim.o(.text.TIM_Base_SetConfig)
    TIM_OC2_SetConfig                        0x08005dd5   Thumb Code   104  stm32f4xx_hal_tim.o(.text.TIM_OC2_SetConfig)
    UART_Start_Receive_DMA                   0x080061ed   Thumb Code   154  stm32f4xx_hal_uart.o(.text.UART_Start_Receive_DMA)
    USART1_IRQHandler                        0x08006287   Thumb Code    26  stm32f4xx_it.o(.text.USART1_IRQHandler)
    USART6_IRQHandler                        0x080062a1   Thumb Code    26  stm32f4xx_it.o(.text.USART6_IRQHandler)
    USER_DMA2_Stream2_IRQHandler             0x080062bb   Thumb Code  1074  instask.o(.text.USER_DMA2_Stream2_IRQHandler)
    USER_UART_IRQHandler                     0x080066ed   Thumb Code   260  myusart.o(.text.USER_UART_IRQHandler)
    UsageFault_Handler                       0x080067f1   Thumb Code     2  stm32f4xx_it.o(.text.UsageFault_Handler)
    bmi088_accel_init                        0x080067f5   Thumb Code   458  bmi088.o(.text.bmi088_accel_init)
    bmi088_accel_self_test                   0x080069c1   Thumb Code  1048  bmi088.o(.text.bmi088_accel_self_test)
    bmi088_gyro_init                         0x08006dd9   Thumb Code   388  bmi088.o(.text.bmi088_gyro_init)
    bmi088_gyro_self_test                    0x08006f5d   Thumb Code   354  bmi088.o(.text.bmi088_gyro_self_test)
    delay_ms                                 0x080070c1   Thumb Code    24  haltick.o(.text.delay_ms)
    delay_us                                 0x080070d9   Thumb Code    64  haltick.o(.text.delay_us)
    f_PID_Calculate                          0x08007119   Thumb Code   192  pid.o(.text.f_PID_Calculate)
    f_PID_Delta_Calc                         0x080071d9   Thumb Code   132  pid.o(.text.f_PID_Delta_Calc)
    get_Motor_Data                           0x0800729d   Thumb Code   460  motor.o(.text.get_Motor_Data)
    get_angle                                0x08007469   Thumb Code   188  instask.o(.text.get_angle)
    ist8310_IIC_read_muli_reg                0x080076a9   Thumb Code    86  ist8310.o(.text.ist8310_IIC_read_muli_reg)
    ist8310_read_mag                         0x08007701   Thumb Code    92  ist8310.o(.text.ist8310_read_mag)
    main                                     0x0800775d   Thumb Code   130  main.o(.text.main)
    osDelay                                  0x080077df   Thumb Code    16  cmsis_os.o(.text.osDelay)
    osDelayUntil                             0x080077ef   Thumb Code    16  cmsis_os.o(.text.osDelayUntil)
    osKernelStart                            0x080077ff   Thumb Code    10  cmsis_os.o(.text.osKernelStart)
    osKernelSysTick                          0x08007809   Thumb Code    14  cmsis_os.o(.text.osKernelSysTick)
    osThreadCreate                           0x08007817   Thumb Code    90  cmsis_os.o(.text.osThreadCreate)
    pcTaskGetName                            0x08007871   Thumb Code    38  tasks.o(.text.pcTaskGetName)
    pvPortMalloc                             0x08007c81   Thumb Code   400  heap_4.o(.text.pvPortMalloc)
    pxPortInitialiseStack                    0x08007e11   Thumb Code    40  port.o(.text.pxPortInitialiseStack)
    uxListRemove                             0x08007e39   Thumb Code    36  list.o(.text.uxListRemove)
    vApplicationGetIdleTaskMemory            0x08007e5d   Thumb Code    26  freertos.o(.text.vApplicationGetIdleTaskMemory)
    vListInitialise                          0x08007e77   Thumb Code    22  list.o(.text.vListInitialise)
    vListInitialiseItem                      0x08007e8d   Thumb Code     6  list.o(.text.vListInitialiseItem)
    vListInsert                              0x08007e95   Thumb Code    58  list.o(.text.vListInsert)
    vListInsertEnd                           0x08007ecf   Thumb Code    28  list.o(.text.vListInsertEnd)
    vPortEnterCritical                       0x08007f01   Thumb Code    66  port.o(.text.vPortEnterCritical)
    vPortExitCritical                        0x08007f45   Thumb Code    46  port.o(.text.vPortExitCritical)
    vPortFree                                0x08007f75   Thumb Code   136  heap_4.o(.text.vPortFree)
    vPortSetupTimerInterrupt                 0x08007ffd   Thumb Code    52  port.o(.text.vPortSetupTimerInterrupt)
    vPortValidateInterruptPriority           0x08008031   Thumb Code    98  port.o(.text.vPortValidateInterruptPriority)
    vTaskDelay                               0x08008095   Thumb Code    78  tasks.o(.text.vTaskDelay)
    vTaskDelayUntil                          0x080080e5   Thumb Code   162  tasks.o(.text.vTaskDelayUntil)
    vTaskNotifyGiveFromISR                   0x08008189   Thumb Code   218  tasks.o(.text.vTaskNotifyGiveFromISR)
    vTaskStartScheduler                      0x08008265   Thumb Code   120  tasks.o(.text.vTaskStartScheduler)
    vTaskSuspendAll                          0x080082e5   Thumb Code    16  tasks.o(.text.vTaskSuspendAll)
    vTaskSwitchContext                       0x080082f5   Thumb Code   130  tasks.o(.text.vTaskSwitchContext)
    xPortStartScheduler                      0x08008379   Thumb Code   298  port.o(.text.xPortStartScheduler)
    xTaskCreate                              0x080084a3   Thumb Code    90  tasks.o(.text.xTaskCreate)
    xTaskCreateStatic                        0x080084fd   Thumb Code   118  tasks.o(.text.xTaskCreateStatic)
    xTaskGetHandle                           0x08008575   Thumb Code   166  tasks.o(.text.xTaskGetHandle)
    xTaskGetSchedulerState                   0x0800861b   Thumb Code    36  tasks.o(.text.xTaskGetSchedulerState)
    xTaskGetTickCount                        0x0800863f   Thumb Code    12  tasks.o(.text.xTaskGetTickCount)
    xTaskGetTickCountFromISR                 0x0800864b   Thumb Code    18  tasks.o(.text.xTaskGetTickCountFromISR)
    xTaskIncrementTick                       0x0800865d   Thumb Code   382  tasks.o(.text.xTaskIncrementTick)
    xTaskResumeAll                           0x080087dd   Thumb Code   306  tasks.o(.text.xTaskResumeAll)
    __ARM_fpclassifyf                        0x0800890f   Thumb Code    38  fpclassifyf.o(i.__ARM_fpclassifyf)
    __hardfp_asinf                           0x08008935   Thumb Code   258  asinf.o(i.__hardfp_asinf)
    __hardfp_atan2f                          0x08008a61   Thumb Code   594  atan2f.o(i.__hardfp_atan2f)
    __hardfp_sqrtf                           0x08008d0d   Thumb Code    58  sqrtf.o(i.__hardfp_sqrtf)
    __mathlib_flt_infnan                     0x08008d47   Thumb Code     6  funder.o(i.__mathlib_flt_infnan)
    __mathlib_flt_infnan2                    0x08008d4d   Thumb Code     6  funder.o(i.__mathlib_flt_infnan2)
    __mathlib_flt_invalid                    0x08008d55   Thumb Code    10  funder.o(i.__mathlib_flt_invalid)
    __mathlib_flt_underflow                  0x08008d65   Thumb Code    10  funder.o(i.__mathlib_flt_underflow)
    sqrtf                                    0x08008d75   Thumb Code    62  sqrtf.o(i.sqrtf)
    _fp_init                                 0x08008db3   Thumb Code    26  fpinit.o(x$fpl$fpinit)
    __fplib_config_fpu_vfp                   0x08008dcb   Thumb Code     0  fpinit.o(x$fpl$fpinit)
    __fplib_config_pureend_doubles           0x08008dcb   Thumb Code     0  fpinit.o(x$fpl$fpinit)
    AHBPrescTable                            0x08008dcc   Data          16  system_stm32f4xx.o(.rodata.AHBPrescTable)
    __I$use$fp                               0x08008dcc   Number         0  usenofp.o(x$fpl$usenofp)
    APBPrescTable                            0x08008ddc   Data           8  system_stm32f4xx.o(.rodata.APBPrescTable)
    Region$$Table$$Base                      0x08008e48   Number         0  anon$$obj.o(Region$$Table)
    Region$$Table$$Limit                     0x08008e68   Number         0  anon$$obj.o(Region$$Table)
    BMI088_ACCEL_SEN                         0x20000000   Data           4  bmi088.o(.data.BMI088_ACCEL_SEN)
    BMI088_GYRO_SEN                          0x20000004   Data           4  bmi088.o(.data.BMI088_GYRO_SEN)
    Balance                                  0x20000008   Data         120  motor.o(.data.Balance)
    GoalPoint                                0x20000080   Data         144  chassistask.o(.data.GoalPoint)
    SystemCoreClock                          0x20000110   Data           4  system_stm32f4xx.o(.data.SystemCoreClock)
    accel_dma_tx_buf                         0x20000114   Data           9  instask.o(.data.accel_dma_tx_buf)
    accel_temp_dma_tx_buf                    0x2000011d   Data           4  instask.o(.data.accel_temp_dma_tx_buf)
    gyro_dma_tx_buf                          0x20000121   Data           8  instask.o(.data.gyro_dma_tx_buf)
    hcan1TxFrame                             0x2000012c   Data          32  mycan.o(.data.hcan1TxFrame)
    hcan2TxFrame                             0x2000014c   Data          32  mycan.o(.data.hcan2TxFrame)
    midangle                                 0x2000016c   Data           4  chassistask.o(.data.midangle)
    twoKp                                    0x20000170   Data           4  mahonyahrs.o(.data.twoKp)
    uwTickFreq                               0x20000174   Data           1  stm32f4xx_hal.o(.data.uwTickFreq)
    uwTickPrio                               0x20000178   Data           4  stm32f4xx_hal.o(.data.uwTickPrio)
    __libspace_start                         0x20000180   Data          96  libspace.o(.bss)
    ActionDiDiDi                             0x200001e0   Data           2  serialtask.o(.bss.ActionDiDiDi)
    __temporary_stack_top$libspace           0x200001e0   Data           0  libspace.o(.bss)
    ArmAngle_pid                             0x200001e4   Data          68  chassistask.o(.bss.ArmAngle_pid)
    ArmSpeed_pid                             0x20000228   Data          68  chassistask.o(.bss.ArmSpeed_pid)
    Arm_down                                 0x2000026c   Data           4  chassistask.o(.bss.Arm_down)
    Arm_up                                   0x20000270   Data           4  chassistask.o(.bss.Arm_up)
    Cnt_Singe_Flag                           0x20000274   Data           1  instask.o(.bss.Cnt_Singe_Flag)
    Game_Start                               0x20000275   Data           1  instask.o(.bss.Game_Start)
    Goalline                                 0x20000280   Data          12  chassistask.o(.bss.Goalline)
    IF_Action_ENABLE                         0x20000294   Data           1  myusart.o(.bss.IF_Action_ENABLE)
    IF_Arm_Down                              0x20000295   Data           1  chassistask.o(.bss.IF_Arm_Down)
    INS_angle                                0x20000298   Data          12  instask.o(.bss.INS_angle)
    INS_quat                                 0x200002a4   Data          16  instask.o(.bss.INS_quat)
    Imu                                      0x200002b8   Data          24  instask.o(.bss.Imu)
    LeftWheel_pid                            0x200002d0   Data          68  chassistask.o(.bss.LeftWheel_pid)
    Left_Speed                               0x20000314   Data          12  chassistask.o(.bss.Left_Speed)
    PitAngle_pid                             0x20000328   Data          68  chassistask.o(.bss.PitAngle_pid)
    PitGyro_pid                              0x2000036c   Data          68  chassistask.o(.bss.PitGyro_pid)
    PostureX_pid                             0x200003b8   Data          68  chassistask.o(.bss.PostureX_pid)
    PostureY_pid                             0x200003fc   Data          68  chassistask.o(.bss.PostureY_pid)
    Presentline                              0x20000440   Data          12  myusart.o(.bss.Presentline)
    RightWheel_pid                           0x2000044c   Data          68  chassistask.o(.bss.RightWheel_pid)
    Right_Speed                              0x20000490   Data          12  chassistask.o(.bss.Right_Speed)
    Sideway_pid                              0x2000049c   Data          68  chassistask.o(.bss.Sideway_pid)
    Speed_pid                                0x200004e0   Data          68  chassistask.o(.bss.Speed_pid)
    Table                                    0x20000524   Data          40  chassistask.o(.bss.Table)
    TableAngle_pid                           0x2000054c   Data          68  chassistask.o(.bss.TableAngle_pid)
    TableSpeed_pid                           0x20000590   Data          68  chassistask.o(.bss.TableSpeed_pid)
    Turn_pid                                 0x200005d4   Data          68  chassistask.o(.bss.Turn_pid)
    UART1_RX_BUF                             0x20000618   Data          28  myusart.o(.bss.UART1_RX_BUF)
    accel_dma_rx_buf                         0x20000634   Data           9  instask.o(.bss.accel_dma_rx_buf)
    accel_temp_dma_rx_buf                    0x2000063d   Data           4  instask.o(.bss.accel_temp_dma_rx_buf)
    accel_temp_update_flag                   0x20000641   Data           1  instask.o(.bss.accel_temp_update_flag)
    accel_update_flag                        0x20000642   Data           1  instask.o(.bss.accel_update_flag)
    armout                                   0x20000644   Data           4  chassistask.o(.bss.armout)
    bmi088_real_data                         0x20000648   Data          36  instask.o(.bss.bmi088_real_data)
    distance                                 0x2000066c   Data           4  chassistask.o(.bss.distance)
    gyro_dma_rx_buf                          0x20000699   Data           8  instask.o(.bss.gyro_dma_rx_buf)
    gyro_update_flag                         0x200006a1   Data           1  instask.o(.bss.gyro_update_flag)
    haltick                                  0x200006a4   Data           4  haltick.o(.bss.haltick)
    hcan1                                    0x200006a8   Data          40  can.o(.bss.hcan1)
    hcan2                                    0x200006d0   Data          40  can.o(.bss.hcan2)
    hcanRxFrame                              0x200006f8   Data          36  mycan.o(.bss.hcanRxFrame)
    hdma_spi1_rx                             0x2000071c   Data          96  spi.o(.bss.hdma_spi1_rx)
    hdma_spi1_tx                             0x2000077c   Data          96  spi.o(.bss.hdma_spi1_tx)
    hdma_usart1_rx                           0x200007dc   Data          96  usart.o(.bss.hdma_usart1_rx)
    hdma_usart1_tx                           0x2000083c   Data          96  usart.o(.bss.hdma_usart1_tx)
    hdma_usart6_rx                           0x2000089c   Data          96  usart.o(.bss.hdma_usart6_rx)
    hdma_usart6_tx                           0x200008fc   Data          96  usart.o(.bss.hdma_usart6_tx)
    hspi1                                    0x2000095c   Data          88  spi.o(.bss.hspi1)
    htim1                                    0x200009b4   Data          72  tim.o(.bss.htim1)
    htim10                                   0x200009fc   Data          72  tim.o(.bss.htim10)
    htim12                                   0x20000a44   Data          72  tim.o(.bss.htim12)
    htim2                                    0x20000a8c   Data          72  stm32f4xx_hal_timebase_tim.o(.bss.htim2)
    htim4                                    0x20000ad4   Data          72  tim.o(.bss.htim4)
    htim8                                    0x20000b1c   Data          72  tim.o(.bss.htim8)
    huart1                                   0x20000b64   Data          68  usart.o(.bss.huart1)
    huart6                                   0x20000ba8   Data          68  usart.o(.bss.huart6)
    imu_start_dma_flag                       0x20000bec   Data           1  instask.o(.bss.imu_start_dma_flag)
    integralFBx                              0x20000c1c   Data           4  mahonyahrs.o(.bss.integralFBx)
    integralFBy                              0x20000c20   Data           4  mahonyahrs.o(.bss.integralFBy)
    integralFBz                              0x20000c24   Data           4  mahonyahrs.o(.bss.integralFBz)
    ist8310_real_data                        0x20000c28   Data          16  instask.o(.bss.ist8310_real_data)
    leftExp                                  0x20000c38   Data           4  chassistask.o(.bss.leftExp)
    leftout                                  0x20000c3c   Data           4  chassistask.o(.bss.leftout)
    mag_update_flag                          0x20000c40   Data           1  instask.o(.bss.mag_update_flag)
    myChassisTaskHandle                      0x20000c44   Data           4  freertos.o(.bss.myChassisTaskHandle)
    myINSTaskHandle                          0x20000c48   Data           4  freertos.o(.bss.myINSTaskHandle)
    mySerialTaskHandle                       0x20000c4c   Data           4  freertos.o(.bss.mySerialTaskHandle)
    pxCurrentTCB                             0x20000c50   Data           4  tasks.o(.bss.pxCurrentTCB)
    rightExp                                 0x20000cec   Data           4  chassistask.o(.bss.rightExp)
    rightout                                 0x20000cf0   Data           4  chassistask.o(.bss.rightout)
    sideout                                  0x20000cf4   Data           4  chassistask.o(.bss.sideout)
    speed                                    0x20000cf8   Data           4  chassistask.o(.bss.speed)
    tableCnt                                 0x20000cfc   Data           1  chassistask.o(.bss.tableCnt)
    tableout                                 0x20000d00   Data           4  chassistask.o(.bss.tableout)
    target_x                                 0x20000d04   Data           4  chassistask.o(.bss.target_x)
    target_y                                 0x20000d08   Data           4  chassistask.o(.bss.target_y)
    twoKi                                    0x20000d0c   Data           4  mahonyahrs.o(.bss.twoKi)
    uwTick                                   0x20004918   Data           4  stm32f4xx_hal.o(.bss.uwTick)



==============================================================================

Memory Map of the image

  Image Entry point : 0x08000189

  Load Region LR_IROM1 (Base: 0x08000000, Size: 0x00008fe8, Max: 0x00100000, ABSOLUTE, COMPRESSED[0x00008f08])

    Execution Region ER_IROM1 (Exec base: 0x08000000, Load base: 0x08000000, Size: 0x00008e68, Max: 0x00100000, ABSOLUTE)

    Exec Addr    Load Addr    Size         Type   Attr      Idx    E Section Name        Object

    0x08000000   0x08000000   0x00000188   Data   RO          638    RESET               startup_stm32f407xx.o
    0x08000188   0x08000188   0x00000008   Code   RO         2220  * !!!main             c_w.l(__main.o)
    0x08000190   0x08000190   0x00000034   Code   RO         2465    !!!scatter          c_w.l(__scatter.o)
    0x080001c4   0x080001c4   0x0000005a   Code   RO         2463    !!dczerorl2         c_w.l(__dczerorl2.o)
    0x0800021e   0x0800021e   0x00000002   PAD
    0x08000220   0x08000220   0x0000001c   Code   RO         2467    !!handler_zi        c_w.l(__scatter_zi.o)
    0x0800023c   0x0800023c   0x00000002   Code   RO         2328    .ARM.Collect$$libinit$$00000000  c_w.l(libinit.o)
    0x0800023e   0x0800023e   0x00000004   Code   RO         2337    .ARM.Collect$$libinit$$00000001  c_w.l(libinit2.o)
    0x08000242   0x08000242   0x00000000   Code   RO         2340    .ARM.Collect$$libinit$$00000004  c_w.l(libinit2.o)
    0x08000242   0x08000242   0x00000000   Code   RO         2342    .ARM.Collect$$libinit$$00000006  c_w.l(libinit2.o)
    0x08000242   0x08000242   0x00000000   Code   RO         2345    .ARM.Collect$$libinit$$0000000C  c_w.l(libinit2.o)
    0x08000242   0x08000242   0x00000000   Code   RO         2347    .ARM.Collect$$libinit$$0000000E  c_w.l(libinit2.o)
    0x08000242   0x08000242   0x00000000   Code   RO         2349    .ARM.Collect$$libinit$$00000010  c_w.l(libinit2.o)
    0x08000242   0x08000242   0x00000000   Code   RO         2352    .ARM.Collect$$libinit$$00000013  c_w.l(libinit2.o)
    0x08000242   0x08000242   0x00000000   Code   RO         2354    .ARM.Collect$$libinit$$00000015  c_w.l(libinit2.o)
    0x08000242   0x08000242   0x00000000   Code   RO         2356    .ARM.Collect$$libinit$$00000017  c_w.l(libinit2.o)
    0x08000242   0x08000242   0x00000000   Code   RO         2358    .ARM.Collect$$libinit$$00000019  c_w.l(libinit2.o)
    0x08000242   0x08000242   0x00000000   Code   RO         2360    .ARM.Collect$$libinit$$0000001B  c_w.l(libinit2.o)
    0x08000242   0x08000242   0x00000000   Code   RO         2362    .ARM.Collect$$libinit$$0000001D  c_w.l(libinit2.o)
    0x08000242   0x08000242   0x00000000   Code   RO         2364    .ARM.Collect$$libinit$$0000001F  c_w.l(libinit2.o)
    0x08000242   0x08000242   0x00000000   Code   RO         2366    .ARM.Collect$$libinit$$00000021  c_w.l(libinit2.o)
    0x08000242   0x08000242   0x00000000   Code   RO         2368    .ARM.Collect$$libinit$$00000023  c_w.l(libinit2.o)
    0x08000242   0x08000242   0x00000000   Code   RO         2370    .ARM.Collect$$libinit$$00000025  c_w.l(libinit2.o)
    0x08000242   0x08000242   0x00000000   Code   RO         2372    .ARM.Collect$$libinit$$00000027  c_w.l(libinit2.o)
    0x08000242   0x08000242   0x00000000   Code   RO         2376    .ARM.Collect$$libinit$$0000002E  c_w.l(libinit2.o)
    0x08000242   0x08000242   0x00000000   Code   RO         2378    .ARM.Collect$$libinit$$00000030  c_w.l(libinit2.o)
    0x08000242   0x08000242   0x00000000   Code   RO         2380    .ARM.Collect$$libinit$$00000032  c_w.l(libinit2.o)
    0x08000242   0x08000242   0x00000000   Code   RO         2382    .ARM.Collect$$libinit$$00000034  c_w.l(libinit2.o)
    0x08000242   0x08000242   0x00000002   Code   RO         2383    .ARM.Collect$$libinit$$00000035  c_w.l(libinit2.o)
    0x08000244   0x08000244   0x00000002   Code   RO         2418    .ARM.Collect$$libshutdown$$00000000  c_w.l(libshutdown.o)
    0x08000246   0x08000246   0x00000000   Code   RO         2446    .ARM.Collect$$libshutdown$$00000002  c_w.l(libshutdown2.o)
    0x08000246   0x08000246   0x00000000   Code   RO         2448    .ARM.Collect$$libshutdown$$00000004  c_w.l(libshutdown2.o)
    0x08000246   0x08000246   0x00000000   Code   RO         2451    .ARM.Collect$$libshutdown$$00000007  c_w.l(libshutdown2.o)
    0x08000246   0x08000246   0x00000000   Code   RO         2454    .ARM.Collect$$libshutdown$$0000000A  c_w.l(libshutdown2.o)
    0x08000246   0x08000246   0x00000000   Code   RO         2456    .ARM.Collect$$libshutdown$$0000000C  c_w.l(libshutdown2.o)
    0x08000246   0x08000246   0x00000000   Code   RO         2459    .ARM.Collect$$libshutdown$$0000000F  c_w.l(libshutdown2.o)
    0x08000246   0x08000246   0x00000002   Code   RO         2460    .ARM.Collect$$libshutdown$$00000010  c_w.l(libshutdown2.o)
    0x08000248   0x08000248   0x00000000   Code   RO         2254    .ARM.Collect$$rtentry$$00000000  c_w.l(__rtentry.o)
    0x08000248   0x08000248   0x00000000   Code   RO         2287    .ARM.Collect$$rtentry$$00000002  c_w.l(__rtentry2.o)
    0x08000248   0x08000248   0x00000006   Code   RO         2299    .ARM.Collect$$rtentry$$00000004  c_w.l(__rtentry4.o)
    0x0800024e   0x0800024e   0x00000000   Code   RO         2289    .ARM.Collect$$rtentry$$00000009  c_w.l(__rtentry2.o)
    0x0800024e   0x0800024e   0x00000004   Code   RO         2290    .ARM.Collect$$rtentry$$0000000A  c_w.l(__rtentry2.o)
    0x08000252   0x08000252   0x00000000   Code   RO         2292    .ARM.Collect$$rtentry$$0000000C  c_w.l(__rtentry2.o)
    0x08000252   0x08000252   0x00000008   Code   RO         2293    .ARM.Collect$$rtentry$$0000000D  c_w.l(__rtentry2.o)
    0x0800025a   0x0800025a   0x00000002   Code   RO         2329    .ARM.Collect$$rtexit$$00000000  c_w.l(rtexit.o)
    0x0800025c   0x0800025c   0x00000000   Code   RO         2389    .ARM.Collect$$rtexit$$00000002  c_w.l(rtexit2.o)
    0x0800025c   0x0800025c   0x00000004   Code   RO         2390    .ARM.Collect$$rtexit$$00000003  c_w.l(rtexit2.o)
    0x08000260   0x08000260   0x00000006   Code   RO         2391    .ARM.Collect$$rtexit$$00000004  c_w.l(rtexit2.o)
    0x08000266   0x08000266   0x00000002   PAD
    0x08000268   0x08000268   0x00000040   Code   RO          639    .text               startup_stm32f407xx.o
    0x080002a8   0x080002a8   0x000000f0   Code   RO         2206    .text               c_w.l(lludivv7m.o)
    0x08000398   0x08000398   0x0000003e   Code   RO         2208    .text               c_w.l(strlen.o)
    0x080003d6   0x080003d6   0x0000004e   Code   RO         2216    .text               c_w.l(rt_memclr_w.o)
    0x08000424   0x08000424   0x00000006   Code   RO         2218    .text               c_w.l(heapauxi.o)
    0x0800042a   0x0800042a   0x00000016   Code   RO         2259    .text               c_w.l(_rserrno.o)
    0x08000440   0x08000440   0x00000008   Code   RO         2306    .text               c_w.l(rt_errno_addr_intlibspace.o)
    0x08000448   0x08000448   0x00000008   Code   RO         2312    .text               c_w.l(libspace.o)
    0x08000450   0x08000450   0x0000004a   Code   RO         2315    .text               c_w.l(sys_stackheap_outer.o)
    0x0800049a   0x0800049a   0x00000012   Code   RO         2317    .text               c_w.l(exit.o)
    0x080004ac   0x080004ac   0x0000000c   Code   RO         2384    .text               c_w.l(sys_exit.o)
    0x080004b8   0x080004b8   0x00000002   Code   RO         2407    .text               c_w.l(use_no_semi.o)
    0x080004ba   0x080004ba   0x00000000   Code   RO         2409    .text               c_w.l(indicate_semi.o)
    0x080004ba   0x080004ba   0x00000002   PAD
    0x080004bc   0x080004bc   0x00000074   Code   RO          129    .text.BMI088_accel_read_over  bmi088.o
    0x08000530   0x08000530   0x0000004e   Code   RO          131    .text.BMI088_gyro_read_over  bmi088.o
    0x0800057e   0x0800057e   0x00000024   Code   RO          111    .text.BMI088_init   bmi088.o
    0x080005a2   0x080005a2   0x00000176   Code   RO          133    .text.BMI088_read   bmi088.o
    0x08000718   0x08000718   0x00000034   Code   RO          121    .text.BMI088_read_muli_reg  bmi088.o
    0x0800074c   0x0800074c   0x0000003c   Code   RO          127    .text.BMI088_temperature_read_over  bmi088.o
    0x08000788   0x08000788   0x00000002   Code   RO          553    .text.BusFault_Handler  stm32f4xx_it.o
    0x0800078a   0x0800078a   0x0000000c   Code   RO          563    .text.CAN1_RX0_IRQHandler  stm32f4xx_it.o
    0x08000796   0x08000796   0x0000000c   Code   RO          561    .text.CAN1_TX_IRQHandler  stm32f4xx_it.o
    0x080007a2   0x080007a2   0x0000003c   Code   RO          214    .text.CAN1_rxDataHandler  mycan.o
    0x080007de   0x080007de   0x0000000c   Code   RO          581    .text.CAN2_RX0_IRQHandler  stm32f4xx_it.o
    0x080007ea   0x080007ea   0x0000000c   Code   RO          579    .text.CAN2_TX_IRQHandler  stm32f4xx_it.o
    0x080007f6   0x080007f6   0x00000062   Code   RO          210    .text.CAN_Init      mycan.o
    0x08000858   0x08000858   0x00000c2a   Code   RO            2    .text.ChassisTask   chassistask.o
    0x08001482   0x08001482   0x0000000c   Code   RO          573    .text.DMA2_Stream1_IRQHandler  stm32f4xx_it.o
    0x0800148e   0x0800148e   0x00000016   Code   RO          575    .text.DMA2_Stream2_IRQHandler  stm32f4xx_it.o
    0x080014a4   0x080014a4   0x0000000c   Code   RO          577    .text.DMA2_Stream3_IRQHandler  stm32f4xx_it.o
    0x080014b0   0x080014b0   0x0000000c   Code   RO          583    .text.DMA2_Stream5_IRQHandler  stm32f4xx_it.o
    0x080014bc   0x080014bc   0x0000000c   Code   RO          585    .text.DMA2_Stream6_IRQHandler  stm32f4xx_it.o
    0x080014c8   0x080014c8   0x0000000c   Code   RO          587    .text.DMA2_Stream7_IRQHandler  stm32f4xx_it.o
    0x080014d4   0x080014d4   0x00000002   Code   RO          557    .text.DebugMon_Handler  stm32f4xx_it.o
    0x080014d6   0x080014d6   0x00000006   Code   RO          559    .text.EXTI4_IRQHandler  stm32f4xx_it.o
    0x080014dc   0x080014dc   0x00000014   Code   RO          565    .text.EXTI9_5_IRQHandler  stm32f4xx_it.o
    0x080014f0   0x080014f0   0x0000000a   Code   RO          401    .text.Error_Handler  main.o
    0x080014fa   0x080014fa   0x00000026   Code   RO         1151    .text.HAL_CAN_ActivateNotification  stm32f4xx_hal_can.o
    0x08001520   0x08001520   0x000000de   Code   RO         1127    .text.HAL_CAN_ConfigFilter  stm32f4xx_hal_can.o
    0x080015fe   0x080015fe   0x00000002   Code   RO         1181    .text.HAL_CAN_ErrorCallback  stm32f4xx_hal_can.o
    0x08001600   0x08001600   0x0000010c   Code   RO         1147    .text.HAL_CAN_GetRxMessage  stm32f4xx_hal_can.o
    0x0800170c   0x0800170c   0x00000200   Code   RO         1155    .text.HAL_CAN_IRQHandler  stm32f4xx_hal_can.o
    0x0800190c   0x0800190c   0x000000f0   Code   RO         1117    .text.HAL_CAN_Init  stm32f4xx_hal_can.o
    0x080019fc   0x080019fc   0x00000120   Code   RO          451    .text.HAL_CAN_MspInit  can.o
    0x08001b1c   0x08001b1c   0x00000002   Code   RO         1169    .text.HAL_CAN_RxFifo0FullCallback  stm32f4xx_hal_can.o
    0x08001b1e   0x08001b1e   0x0000006e   Code   RO          218    .text.HAL_CAN_RxFifo0MsgPendingCallback  mycan.o
    0x08001b8c   0x08001b8c   0x00000002   Code   RO         1173    .text.HAL_CAN_RxFifo1FullCallback  stm32f4xx_hal_can.o
    0x08001b8e   0x08001b8e   0x00000002   Code   RO         1175    .text.HAL_CAN_RxFifo1MsgPendingCallback  stm32f4xx_hal_can.o
    0x08001b90   0x08001b90   0x00000002   Code   RO         1177    .text.HAL_CAN_SleepCallback  stm32f4xx_hal_can.o
    0x08001b92   0x08001b92   0x00000002   PAD
    0x08001b94   0x08001b94   0x00000058   Code   RO         1129    .text.HAL_CAN_Start  stm32f4xx_hal_can.o
    0x08001bec   0x08001bec   0x00000002   Code   RO         1159    .text.HAL_CAN_TxMailbox0AbortCallback  stm32f4xx_hal_can.o
    0x08001bee   0x08001bee   0x00000002   Code   RO         1157    .text.HAL_CAN_TxMailbox0CompleteCallback  stm32f4xx_hal_can.o
    0x08001bf0   0x08001bf0   0x00000002   Code   RO         1163    .text.HAL_CAN_TxMailbox1AbortCallback  stm32f4xx_hal_can.o
    0x08001bf2   0x08001bf2   0x00000002   Code   RO         1161    .text.HAL_CAN_TxMailbox1CompleteCallback  stm32f4xx_hal_can.o
    0x08001bf4   0x08001bf4   0x00000002   Code   RO         1167    .text.HAL_CAN_TxMailbox2AbortCallback  stm32f4xx_hal_can.o
    0x08001bf6   0x08001bf6   0x00000002   Code   RO         1165    .text.HAL_CAN_TxMailbox2CompleteCallback  stm32f4xx_hal_can.o
    0x08001bf8   0x08001bf8   0x00000002   Code   RO         1179    .text.HAL_CAN_WakeUpFromRxMsgCallback  stm32f4xx_hal_can.o
    0x08001bfa   0x08001bfa   0x00000002   PAD
    0x08001bfc   0x08001bfc   0x00000080   Code   RO         1355    .text.HAL_DMA_Abort  stm32f4xx_hal_dma.o
    0x08001c7c   0x08001c7c   0x00000024   Code   RO         1357    .text.HAL_DMA_Abort_IT  stm32f4xx_hal_dma.o
    0x08001ca0   0x08001ca0   0x00000186   Code   RO         1361    .text.HAL_DMA_IRQHandler  stm32f4xx_hal_dma.o
    0x08001e26   0x08001e26   0x00000002   PAD
    0x08001e28   0x08001e28   0x00000148   Code   RO         1347    .text.HAL_DMA_Init  stm32f4xx_hal_dma.o
    0x08001f70   0x08001f70   0x0000009c   Code   RO         1353    .text.HAL_DMA_Start_IT  stm32f4xx_hal_dma.o
    0x0800200c   0x0800200c   0x000000fa   Code   RO           64    .text.HAL_GPIO_EXTI_Callback  instask.o
    0x08002106   0x08002106   0x00000016   Code   RO         1321    .text.HAL_GPIO_EXTI_IRQHandler  stm32f4xx_hal_gpio.o
    0x0800211c   0x0800211c   0x000001a4   Code   RO         1309    .text.HAL_GPIO_Init  stm32f4xx_hal_gpio.o
    0x080022c0   0x080022c0   0x0000000a   Code   RO         1315    .text.HAL_GPIO_WritePin  stm32f4xx_hal_gpio.o
    0x080022ca   0x080022ca   0x0000000c   Code   RO         1500    .text.HAL_GetTick   stm32f4xx_hal.o
    0x080022d6   0x080022d6   0x0000001a   Code   RO         1498    .text.HAL_IncTick   stm32f4xx_hal.o
    0x080022f0   0x080022f0   0x00000036   Code   RO         1488    .text.HAL_Init      stm32f4xx_hal.o
    0x08002326   0x08002326   0x000000ac   Code   RO          607    .text.HAL_InitTick  stm32f4xx_hal_timebase_tim.o
    0x080023d2   0x080023d2   0x00000042   Code   RO          598    .text.HAL_MspInit   stm32f4xx_hal_msp.o
    0x08002414   0x08002414   0x00000024   Code   RO         1446    .text.HAL_NVIC_EnableIRQ  stm32f4xx_hal_cortex.o
    0x08002438   0x08002438   0x00000056   Code   RO         1444    .text.HAL_NVIC_SetPriority  stm32f4xx_hal_cortex.o
    0x0800248e   0x0800248e   0x00000020   Code   RO         1442    .text.HAL_NVIC_SetPriorityGrouping  stm32f4xx_hal_cortex.o
    0x080024ae   0x080024ae   0x00000002   PAD
    0x080024b0   0x080024b0   0x0000014e   Code   RO         1201    .text.HAL_RCC_ClockConfig  stm32f4xx_hal_rcc.o
    0x080025fe   0x080025fe   0x0000003e   Code   RO         1219    .text.HAL_RCC_GetClockConfig  stm32f4xx_hal_rcc.o
    0x0800263c   0x0800263c   0x00000026   Code   RO         1213    .text.HAL_RCC_GetPCLK1Freq  stm32f4xx_hal_rcc.o
    0x08002662   0x08002662   0x00000026   Code   RO         1215    .text.HAL_RCC_GetPCLK2Freq  stm32f4xx_hal_rcc.o
    0x08002688   0x08002688   0x00000068   Code   RO         1203    .text.HAL_RCC_GetSysClockFreq  stm32f4xx_hal_rcc.o
    0x080026f0   0x080026f0   0x00000358   Code   RO         1199    .text.HAL_RCC_OscConfig  stm32f4xx_hal_rcc.o
    0x08002a48   0x08002a48   0x00000002   Code   RO         1663    .text.HAL_SPI_ErrorCallback  stm32f4xx_hal_spi.o
    0x08002a4a   0x08002a4a   0x00000114   Code   RO         1659    .text.HAL_SPI_IRQHandler  stm32f4xx_hal_spi.o
    0x08002b5e   0x08002b5e   0x000000b4   Code   RO         1579    .text.HAL_SPI_Init  stm32f4xx_hal_spi.o
    0x08002c12   0x08002c12   0x00000124   Code   RO          477    .text.HAL_SPI_MspInit  spi.o
    0x08002d36   0x08002d36   0x00000002   PAD
    0x08002d38   0x08002d38   0x000001da   Code   RO         1593    .text.HAL_SPI_TransmitReceive  stm32f4xx_hal_spi.o
    0x08002f12   0x08002f12   0x00000002   Code   RO         2008    .text.HAL_TIMEx_BreakCallback  stm32f4xx_hal_tim_ex.o
    0x08002f14   0x08002f14   0x00000002   Code   RO         2004    .text.HAL_TIMEx_CommutCallback  stm32f4xx_hal_tim_ex.o
    0x08002f16   0x08002f16   0x0000004c   Code   RO         2000    .text.HAL_TIMEx_ConfigBreakDeadTime  stm32f4xx_hal_tim_ex.o
    0x08002f62   0x08002f62   0x000000ae   Code   RO         1998    .text.HAL_TIMEx_MasterConfigSynchronization  stm32f4xx_hal_tim_ex.o
    0x08003010   0x08003010   0x00000058   Code   RO         1697    .text.HAL_TIM_Base_Init  stm32f4xx_hal_tim.o
    0x08003068   0x08003068   0x00000032   Code   RO          506    .text.HAL_TIM_Base_MspInit  tim.o
    0x0800309a   0x0800309a   0x00000098   Code   RO         1707    .text.HAL_TIM_Base_Start  stm32f4xx_hal_tim.o
    0x08003132   0x08003132   0x000000a0   Code   RO         1711    .text.HAL_TIM_Base_Start_IT  stm32f4xx_hal_tim.o
    0x080031d2   0x080031d2   0x00000002   Code   RO         1833    .text.HAL_TIM_IC_CaptureCallback  stm32f4xx_hal_tim.o
    0x080031d4   0x080031d4   0x0000016a   Code   RO         1831    .text.HAL_TIM_IRQHandler  stm32f4xx_hal_tim.o
    0x0800333e   0x0800333e   0x00000166   Code   RO          494    .text.HAL_TIM_MspPostInit  tim.o
    0x080034a4   0x080034a4   0x00000002   Code   RO         1835    .text.HAL_TIM_OC_DelayElapsedCallback  stm32f4xx_hal_tim.o
    0x080034a6   0x080034a6   0x00000002   PAD
    0x080034a8   0x080034a8   0x00000098   Code   RO         1857    .text.HAL_TIM_PWM_ConfigChannel  stm32f4xx_hal_tim.o
    0x08003540   0x08003540   0x00000058   Code   RO         1751    .text.HAL_TIM_PWM_Init  stm32f4xx_hal_tim.o
    0x08003598   0x08003598   0x000000b4   Code   RO          504    .text.HAL_TIM_PWM_MspInit  tim.o
    0x0800364c   0x0800364c   0x00000002   Code   RO         1837    .text.HAL_TIM_PWM_PulseFinishedCallback  stm32f4xx_hal_tim.o
    0x0800364e   0x0800364e   0x00000104   Code   RO         1759    .text.HAL_TIM_PWM_Start  stm32f4xx_hal_tim.o
    0x08003752   0x08003752   0x0000000e   Code   RO          403    .text.HAL_TIM_PeriodElapsedCallback  main.o
    0x08003760   0x08003760   0x00000002   Code   RO         1841    .text.HAL_TIM_TriggerCallback  stm32f4xx_hal_tim.o
    0x08003762   0x08003762   0x00000002   Code   RO         2110    .text.HAL_UARTEx_RxEventCallback  stm32f4xx_hal_uart.o
    0x08003764   0x08003764   0x00000002   Code   RO         2108    .text.HAL_UART_ErrorCallback  stm32f4xx_hal_uart.o
    0x08003766   0x08003766   0x00000002   PAD
    0x08003768   0x08003768   0x000002b4   Code   RO         2102    .text.HAL_UART_IRQHandler  stm32f4xx_hal_uart.o
    0x08003a1c   0x08003a1c   0x0000005c   Code   RO         2022    .text.HAL_UART_Init  stm32f4xx_hal_uart.o
    0x08003a78   0x08003a78   0x0000021a   Code   RO          529    .text.HAL_UART_MspInit  usart.o
    0x08003c92   0x08003c92   0x00000030   Code   RO         2058    .text.HAL_UART_Receive_DMA  stm32f4xx_hal_uart.o
    0x08003cc2   0x08003cc2   0x00000002   Code   RO         2116    .text.HAL_UART_RxCpltCallback  stm32f4xx_hal_uart.o
    0x08003cc4   0x08003cc4   0x00000002   Code   RO         2118    .text.HAL_UART_RxHalfCpltCallback  stm32f4xx_hal_uart.o
    0x08003cc6   0x08003cc6   0x00000002   Code   RO         2112    .text.HAL_UART_TxCpltCallback  stm32f4xx_hal_uart.o
    0x08003cc8   0x08003cc8   0x00000002   Code   RO          549    .text.HardFault_Handler  stm32f4xx_it.o
    0x08003cca   0x08003cca   0x00000044   Code   RO          239    .text.IIC_Ack       myiic.o
    0x08003d0e   0x08003d0e   0x00000044   Code   RO          241    .text.IIC_NAck      myiic.o
    0x08003d52   0x08003d52   0x00000002   PAD
    0x08003d54   0x08003d54   0x00000076   Code   RO          245    .text.IIC_Read_Byte  myiic.o
    0x08003dca   0x08003dca   0x00000002   PAD
    0x08003dcc   0x08003dcc   0x0000006c   Code   RO          243    .text.IIC_Send_Byte  myiic.o
    0x08003e38   0x08003e38   0x00000044   Code   RO          233    .text.IIC_Start     myiic.o
    0x08003e7c   0x08003e7c   0x00000046   Code   RO          235    .text.IIC_Stop      myiic.o
    0x08003ec2   0x08003ec2   0x00000002   PAD
    0x08003ec4   0x08003ec4   0x00000056   Code   RO          237    .text.IIC_Wait_Ack  myiic.o
    0x08003f1a   0x08003f1a   0x0000003e   Code   RO          447    .text.MX_CAN1_Init  can.o
    0x08003f58   0x08003f58   0x0000003e   Code   RO          449    .text.MX_CAN2_Init  can.o
    0x08003f96   0x08003f96   0x00000088   Code   RO          466    .text.MX_DMA_Init   dma.o
    0x0800401e   0x0800401e   0x00000002   PAD
    0x08004020   0x08004020   0x000000dc   Code   RO          425    .text.MX_FREERTOS_Init  freertos.o
    0x080040fc   0x080040fc   0x00000154   Code   RO          414    .text.MX_GPIO_Init  gpio.o
    0x08004250   0x08004250   0x0000004a   Code   RO          475    .text.MX_SPI1_Init  spi.o
    0x0800429a   0x0800429a   0x0000007e   Code   RO          500    .text.MX_TIM10_Init  tim.o
    0x08004318   0x08004318   0x0000006a   Code   RO          502    .text.MX_TIM12_Init  tim.o
    0x08004382   0x08004382   0x000000e0   Code   RO          492    .text.MX_TIM1_Init  tim.o
    0x08004462   0x08004462   0x00000084   Code   RO          496    .text.MX_TIM4_Init  tim.o
    0x080044e6   0x080044e6   0x000000b6   Code   RO          498    .text.MX_TIM8_Init  tim.o
    0x0800459c   0x0800459c   0x00000054   Code   RO          525    .text.MX_USART1_UART_Init  usart.o
    0x080045f0   0x080045f0   0x0000003a   Code   RO          527    .text.MX_USART6_UART_Init  usart.o
    0x0800462a   0x0800462a   0x00000002   PAD
    0x0800462c   0x0800462c   0x00000450   Code   RO          326    .text.MahonyAHRSupdate  mahonyahrs.o
    0x08004a7c   0x08004a7c   0x0000029c   Code   RO          328    .text.MahonyAHRSupdateIMU  mahonyahrs.o
    0x08004d18   0x08004d18   0x00000002   Code   RO          551    .text.MemManage_Handler  stm32f4xx_it.o
    0x08004d1a   0x08004d1a   0x00000002   PAD
    0x08004d1c   0x08004d1c   0x00000002   Code   RO          547    .text.NMI_Handler   stm32f4xx_it.o
    0x08004d1e   0x08004d1e   0x0000000a   Code   RO          355    .text.PID_Delta_init  pid.o
    0x08004d28   0x08004d28   0x00000036   Code   RO          347    .text.PID_Init      pid.o
    0x08004d5e   0x08004d5e   0x00000002   PAD
    0x08004d60   0x08004d60   0x00000064   Code   RO         1100    .text.PendSV_Handler  port.o
    0x08004dc4   0x08004dc4   0x0000080c   Code   RO          261    .text.SPI1_DMA_enable  myspi.o
    0x080055d0   0x080055d0   0x000000e2   Code   RO          259    .text.SPI1_DMA_init  myspi.o
    0x080056b2   0x080056b2   0x0000000c   Code   RO          569    .text.SPI1_IRQHandler  stm32f4xx_it.o
    0x080056be   0x080056be   0x0000000c   Code   RO         1661    .text.SPI_DMAAbortOnError  stm32f4xx_hal_spi.o
    0x080056ca   0x080056ca   0x00000002   PAD
    0x080056cc   0x080056cc   0x00000064   Code   RO         1589    .text.SPI_EndRxTxTransaction  stm32f4xx_hal_spi.o
    0x08005730   0x08005730   0x0000002c   Code   RO          257    .text.SPI_ReadWriteByte  myspi.o
    0x0800575c   0x0800575c   0x000000c4   Code   RO         1687    .text.SPI_WaitFlagStateUntilTimeout  stm32f4xx_hal_spi.o
    0x08005820   0x08005820   0x00000024   Code   RO         1084    .text.SVC_Handler   port.o
    0x08005844   0x08005844   0x0000005a   Code   RO          101    .text.SerialTask    serialtask.o
    0x0800589e   0x0800589e   0x00000002   PAD
    0x080058a0   0x080058a0   0x000002b8   Code   RO           62    .text.StartInsTask  instask.o
    0x08005b58   0x08005b58   0x0000002e   Code   RO         1102    .text.SysTick_Handler  port.o
    0x08005b86   0x08005b86   0x00000002   PAD
    0x08005b88   0x08005b88   0x000000ae   Code   RO          399    .text.SystemClock_Config  main.o
    0x08005c36   0x08005c36   0x00000012   Code   RO          622    .text.SystemInit    system_stm32f4xx.o
    0x08005c48   0x08005c48   0x0000000c   Code   RO          567    .text.TIM2_IRQHandler  stm32f4xx_it.o
    0x08005c54   0x08005c54   0x0000011c   Code   RO         1701    .text.TIM_Base_SetConfig  stm32f4xx_hal_tim.o
    0x08005d70   0x08005d70   0x00000064   Code   RO         1845    .text.TIM_OC1_SetConfig  stm32f4xx_hal_tim.o
    0x08005dd4   0x08005dd4   0x00000068   Code   RO         1847    .text.TIM_OC2_SetConfig  stm32f4xx_hal_tim.o
    0x08005e3c   0x08005e3c   0x00000066   Code   RO         1849    .text.TIM_OC3_SetConfig  stm32f4xx_hal_tim.o
    0x08005ea2   0x08005ea2   0x0000004e   Code   RO         1851    .text.TIM_OC4_SetConfig  stm32f4xx_hal_tim.o
    0x08005ef0   0x08005ef0   0x0000000c   Code   RO         2106    .text.UART_DMAAbortOnError  stm32f4xx_hal_uart.o
    0x08005efc   0x08005efc   0x00000064   Code   RO         2056    .text.UART_DMAError  stm32f4xx_hal_uart.o
    0x08005f60   0x08005f60   0x0000007c   Code   RO         2134    .text.UART_DMAReceiveCplt  stm32f4xx_hal_uart.o
    0x08005fdc   0x08005fdc   0x00000014   Code   RO         2136    .text.UART_DMARxHalfCplt  stm32f4xx_hal_uart.o
    0x08005ff0   0x08005ff0   0x00000050   Code   RO         2068    .text.UART_EndRxTransfer  stm32f4xx_hal_uart.o
    0x08006040   0x08006040   0x000000c4   Code   RO         2104    .text.UART_Receive_IT  stm32f4xx_hal_uart.o
    0x08006104   0x08006104   0x000000e8   Code   RO         2026    .text.UART_SetConfig  stm32f4xx_hal_uart.o
    0x080061ec   0x080061ec   0x0000009a   Code   RO         2060    .text.UART_Start_Receive_DMA  stm32f4xx_hal_uart.o
    0x08006286   0x08006286   0x0000001a   Code   RO          571    .text.USART1_IRQHandler  stm32f4xx_it.o
    0x080062a0   0x080062a0   0x0000001a   Code   RO          589    .text.USART6_IRQHandler  stm32f4xx_it.o
    0x080062ba   0x080062ba   0x00000432   Code   RO           68    .text.USER_DMA2_Stream2_IRQHandler  instask.o
    0x080066ec   0x080066ec   0x00000104   Code   RO          273    .text.USER_UART_IRQHandler  myusart.o
    0x080067f0   0x080067f0   0x00000002   Code   RO          555    .text.UsageFault_Handler  stm32f4xx_it.o
    0x080067f2   0x080067f2   0x00000002   PAD
    0x080067f4   0x080067f4   0x000001ca   Code   RO          115    .text.bmi088_accel_init  bmi088.o
    0x080069be   0x080069be   0x00000002   PAD
    0x080069c0   0x080069c0   0x00000418   Code   RO          113    .text.bmi088_accel_self_test  bmi088.o
    0x08006dd8   0x08006dd8   0x00000184   Code   RO          119    .text.bmi088_gyro_init  bmi088.o
    0x08006f5c   0x08006f5c   0x00000162   Code   RO          117    .text.bmi088_gyro_self_test  bmi088.o
    0x080070be   0x080070be   0x00000002   PAD
    0x080070c0   0x080070c0   0x00000018   Code   RO          160    .text.delay_ms      haltick.o
    0x080070d8   0x080070d8   0x00000040   Code   RO          158    .text.delay_us      haltick.o
    0x08007118   0x08007118   0x000000c0   Code   RO          345    .text.f_PID_Calculate  pid.o
    0x080071d8   0x080071d8   0x00000084   Code   RO          353    .text.f_PID_Delta_Calc  pid.o
    0x0800725c   0x0800725c   0x00000022   Code   RO          351    .text.f_PID_param_init  pid.o
    0x0800727e   0x0800727e   0x0000001c   Code   RO          349    .text.f_PID_reset   pid.o
    0x0800729a   0x0800729a   0x00000002   PAD
    0x0800729c   0x0800729c   0x000001cc   Code   RO          197    .text.get_Motor_Data  motor.o
    0x08007468   0x08007468   0x000000bc   Code   RO           60    .text.get_angle     instask.o
    0x08007524   0x08007524   0x00000184   Code   RO           66    .text.imu_cmd_spi_dma  instask.o
    0x080076a8   0x080076a8   0x00000056   Code   RO          173    .text.ist8310_IIC_read_muli_reg  ist8310.o
    0x080076fe   0x080076fe   0x00000002   PAD
    0x08007700   0x08007700   0x0000005c   Code   RO          185    .text.ist8310_read_mag  ist8310.o
    0x0800775c   0x0800775c   0x00000082   Code   RO          397    .text.main          main.o
    0x080077de   0x080077de   0x00000010   Code   RO          950    .text.osDelay       cmsis_os.o
    0x080077ee   0x080077ee   0x00000010   Code   RO         1020    .text.osDelayUntil  cmsis_os.o
    0x080077fe   0x080077fe   0x0000000a   Code   RO          932    .text.osKernelStart  cmsis_os.o
    0x08007808   0x08007808   0x0000000e   Code   RO          936    .text.osKernelSysTick  cmsis_os.o
    0x08007816   0x08007816   0x0000005a   Code   RO          938    .text.osThreadCreate  cmsis_os.o
    0x08007870   0x08007870   0x00000026   Code   RO          850    .text.pcTaskGetName  tasks.o
    0x08007896   0x08007896   0x000000a0   Code   RO          814    .text.prvAddCurrentTaskToDelayedList  tasks.o
    0x08007936   0x08007936   0x00000002   PAD
    0x08007938   0x08007938   0x00000116   Code   RO          802    .text.prvAddNewTaskToReadyList  tasks.o
    0x08007a4e   0x08007a4e   0x00000002   PAD
    0x08007a50   0x08007a50   0x00000036   Code   RO          808    .text.prvDeleteTCB  tasks.o
    0x08007a86   0x08007a86   0x00000002   PAD
    0x08007a88   0x08007a88   0x0000006c   Code   RO          838    .text.prvIdleTask   tasks.o
    0x08007af4   0x08007af4   0x00000088   Code   RO          800    .text.prvInitialiseNewTask  tasks.o
    0x08007b7c   0x08007b7c   0x00000052   Code   RO         1052    .text.prvInsertBlockIntoFreeList  heap_4.o
    0x08007bce   0x08007bce   0x00000002   PAD
    0x08007bd0   0x08007bd0   0x00000028   Code   RO         1092    .text.prvPortStartFirstTask  port.o
    0x08007bf8   0x08007bf8   0x00000054   Code   RO          854    .text.prvSearchForNameWithinSingleList  tasks.o
    0x08007c4c   0x08007c4c   0x00000032   Code   RO         1082    .text.prvTaskExitError  port.o
    0x08007c7e   0x08007c7e   0x00000002   PAD
    0x08007c80   0x08007c80   0x00000190   Code   RO         1050    .text.pvPortMalloc  heap_4.o
    0x08007e10   0x08007e10   0x00000028   Code   RO         1080    .text.pxPortInitialiseStack  port.o
    0x08007e38   0x08007e38   0x00000024   Code   RO          683    .text.uxListRemove  list.o
    0x08007e5c   0x08007e5c   0x0000001a   Code   RO          423    .text.vApplicationGetIdleTaskMemory  freertos.o
    0x08007e76   0x08007e76   0x00000016   Code   RO          675    .text.vListInitialise  list.o
    0x08007e8c   0x08007e8c   0x00000006   Code   RO          677    .text.vListInitialiseItem  list.o
    0x08007e92   0x08007e92   0x00000002   PAD
    0x08007e94   0x08007e94   0x0000003a   Code   RO          681    .text.vListInsert   list.o
    0x08007ece   0x08007ece   0x0000001c   Code   RO          679    .text.vListInsertEnd  list.o
    0x08007eea   0x08007eea   0x00000002   PAD
    0x08007eec   0x08007eec   0x00000014   Code   RO         1090    .text.vPortEnableVFP  port.o
    0x08007f00   0x08007f00   0x00000042   Code   RO         1096    .text.vPortEnterCritical  port.o
    0x08007f42   0x08007f42   0x00000002   PAD
    0x08007f44   0x08007f44   0x0000002e   Code   RO         1098    .text.vPortExitCritical  port.o
    0x08007f72   0x08007f72   0x00000002   PAD
    0x08007f74   0x08007f74   0x00000088   Code   RO         1054    .text.vPortFree     heap_4.o
    0x08007ffc   0x08007ffc   0x00000034   Code   RO         1088    .text.vPortSetupTimerInterrupt  port.o
    0x08008030   0x08008030   0x00000062   Code   RO         1104    .text.vPortValidateInterruptPriority  port.o
    0x08008092   0x08008092   0x00000002   PAD
    0x08008094   0x08008094   0x0000004e   Code   RO          818    .text.vTaskDelay    tasks.o
    0x080080e2   0x080080e2   0x00000002   PAD
    0x080080e4   0x080080e4   0x000000a2   Code   RO          810    .text.vTaskDelayUntil  tasks.o
    0x08008186   0x08008186   0x00000002   PAD
    0x08008188   0x08008188   0x000000da   Code   RO          896    .text.vTaskNotifyGiveFromISR  tasks.o
    0x08008262   0x08008262   0x00000002   PAD
    0x08008264   0x08008264   0x00000080   Code   RO          836    .text.vTaskStartScheduler  tasks.o
    0x080082e4   0x080082e4   0x00000010   Code   RO          812    .text.vTaskSuspendAll  tasks.o
    0x080082f4   0x080082f4   0x00000082   Code   RO          830    .text.vTaskSwitchContext  tasks.o
    0x08008376   0x08008376   0x00000002   PAD
    0x08008378   0x08008378   0x0000012a   Code   RO         1086    .text.xPortStartScheduler  port.o
    0x080084a2   0x080084a2   0x0000005a   Code   RO          804    .text.xTaskCreate   tasks.o
    0x080084fc   0x080084fc   0x00000076   Code   RO          798    .text.xTaskCreateStatic  tasks.o
    0x08008572   0x08008572   0x00000002   PAD
    0x08008574   0x08008574   0x000000a6   Code   RO          852    .text.xTaskGetHandle  tasks.o
    0x0800861a   0x0800861a   0x00000024   Code   RO          876    .text.xTaskGetSchedulerState  tasks.o
    0x0800863e   0x0800863e   0x0000000c   Code   RO          844    .text.xTaskGetTickCount  tasks.o
    0x0800864a   0x0800864a   0x00000012   Code   RO          846    .text.xTaskGetTickCountFromISR  tasks.o
    0x0800865c   0x0800865c   0x0000017e   Code   RO          842    .text.xTaskIncrementTick  tasks.o
    0x080087da   0x080087da   0x00000002   PAD
    0x080087dc   0x080087dc   0x00000132   Code   RO          816    .text.xTaskResumeAll  tasks.o
    0x0800890e   0x0800890e   0x00000026   Code   RO         2270    i.__ARM_fpclassifyf  m_wm.l(fpclassifyf.o)
    0x08008934   0x08008934   0x0000012c   Code   RO         2236    i.__hardfp_asinf    m_wm.l(asinf.o)
    0x08008a60   0x08008a60   0x000002ac   Code   RO         2242    i.__hardfp_atan2f   m_wm.l(atan2f.o)
    0x08008d0c   0x08008d0c   0x0000003a   Code   RO         2248    i.__hardfp_sqrtf    m_wm.l(sqrtf.o)
    0x08008d46   0x08008d46   0x00000006   Code   RO         2273    i.__mathlib_flt_infnan  m_wm.l(funder.o)
    0x08008d4c   0x08008d4c   0x00000006   Code   RO         2274    i.__mathlib_flt_infnan2  m_wm.l(funder.o)
    0x08008d52   0x08008d52   0x00000002   PAD
    0x08008d54   0x08008d54   0x00000010   Code   RO         2275    i.__mathlib_flt_invalid  m_wm.l(funder.o)
    0x08008d64   0x08008d64   0x00000010   Code   RO         2278    i.__mathlib_flt_underflow  m_wm.l(funder.o)
    0x08008d74   0x08008d74   0x0000003e   Code   RO         2250    i.sqrtf             m_wm.l(sqrtf.o)
    0x08008db2   0x08008db2   0x0000001a   Code   RO         2401    x$fpl$fpinit        fz_wm.l(fpinit.o)
    0x08008dcc   0x08008dcc   0x00000000   Code   RO         2269    x$fpl$usenofp       fz_wm.l(usenofp.o)
    0x08008dcc   0x08008dcc   0x00000010   Data   RO          627    .rodata.AHBPrescTable  system_stm32f4xx.o
    0x08008ddc   0x08008ddc   0x00000008   Data   RO          628    .rodata.APBPrescTable  system_stm32f4xx.o
    0x08008de4   0x08008de4   0x00000012   Data   RO          147    .rodata.bmi088_accel_self_test.write_BMI088_ACCEL_self_test_Reg_Data_Error  bmi088.o
    0x08008df6   0x08008df6   0x00000008   Data   RO         1371    .rodata.cst8        stm32f4xx_hal_dma.o
    0x08008dfe   0x08008dfe   0x00000025   Data   RO          435    .rodata.str1.1      freertos.o
    0x08008e23   0x08008e23   0x00000012   Data   RO          145    .rodata.write_BMI088_accel_reg_data_error  bmi088.o
    0x08008e35   0x08008e35   0x00000012   Data   RO          146    .rodata.write_BMI088_gyro_reg_data_error  bmi088.o
    0x08008e47   0x08008e47   0x00000001   PAD
    0x08008e48   0x08008e48   0x00000020   Data   RO         2462    Region$$Table       anon$$obj.o


    Execution Region RW_IRAM1 (Exec base: 0x20000000, Load base: 0x08008e68, Size: 0x00005220, Max: 0x0001c000, ABSOLUTE, COMPRESSED[0x000000a0])

    Exec Addr    Load Addr    Size         Type   Attr      Idx    E Section Name        Object

    0x20000000   COMPRESSED   0x00000004   Data   RW          143    .data.BMI088_ACCEL_SEN  bmi088.o
    0x20000004   COMPRESSED   0x00000004   Data   RW          144    .data.BMI088_GYRO_SEN  bmi088.o
    0x20000008   COMPRESSED   0x00000078   Data   RW          199    .data.Balance       motor.o
    0x20000080   COMPRESSED   0x00000090   Data   RW            4    .data.GoalPoint     chassistask.o
    0x20000110   COMPRESSED   0x00000004   Data   RW          626    .data.SystemCoreClock  system_stm32f4xx.o
    0x20000114   COMPRESSED   0x00000009   Data   RW           73    .data.accel_dma_tx_buf  instask.o
    0x2000011d   COMPRESSED   0x00000004   Data   RW           74    .data.accel_temp_dma_tx_buf  instask.o
    0x20000121   COMPRESSED   0x00000008   Data   RW           72    .data.gyro_dma_tx_buf  instask.o
    0x20000129   COMPRESSED   0x00000003   PAD
    0x2000012c   COMPRESSED   0x00000020   Data   RW          220    .data.hcan1TxFrame  mycan.o
    0x2000014c   COMPRESSED   0x00000020   Data   RW          221    .data.hcan2TxFrame  mycan.o
    0x2000016c   COMPRESSED   0x00000004   Data   RW            5    .data.midangle      chassistask.o
    0x20000170   COMPRESSED   0x00000004   Data   RW          332    .data.twoKp         mahonyahrs.o
    0x20000174   COMPRESSED   0x00000001   Data   RW         1543    .data.uwTickFreq    stm32f4xx_hal.o
    0x20000175   COMPRESSED   0x00000003   PAD
    0x20000178   COMPRESSED   0x00000004   Data   RW         1542    .data.uwTickPrio    stm32f4xx_hal.o
    0x2000017c   COMPRESSED   0x00000004   Data   RW         1108    .data.uxCriticalNesting  port.o
    0x20000180        -       0x00000060   Zero   RW         2313    .bss                c_w.l(libspace.o)
    0x200001e0        -       0x00000002   Zero   RW          103    .bss.ActionDiDiDi   serialtask.o
    0x200001e2   COMPRESSED   0x00000002   PAD
    0x200001e4        -       0x00000044   Zero   RW           23    .bss.ArmAngle_pid   chassistask.o
    0x20000228        -       0x00000044   Zero   RW           24    .bss.ArmSpeed_pid   chassistask.o
    0x2000026c        -       0x00000004   Zero   RW           12    .bss.Arm_down       chassistask.o
    0x20000270        -       0x00000004   Zero   RW           13    .bss.Arm_up         chassistask.o
    0x20000274        -       0x00000001   Zero   RW           71    .bss.Cnt_Singe_Flag  instask.o
    0x20000275        -       0x00000001   Zero   RW           70    .bss.Game_Start     instask.o
    0x20000276   COMPRESSED   0x00000002   PAD
    0x20000278        -       0x00000004   Zero   RW           45    .bss.GetBall_Ctrl.Arm_Cnt  chassistask.o
    0x2000027c        -       0x00000001   Zero   RW           44    .bss.GetBall_Ctrl.Reset  chassistask.o
    0x2000027d   COMPRESSED   0x00000003   PAD
    0x20000280        -       0x0000000c   Zero   RW           28    .bss.Goalline       chassistask.o
    0x2000028c        -       0x00000004   Zero   RW           90    .bss.HAL_GPIO_EXTI_Callback.xHigherPriorityTaskWoken  instask.o
    0x20000290        -       0x00000004   Zero   RW          457    .bss.HAL_RCC_CAN1_CLK_ENABLED  can.o
    0x20000294        -       0x00000001   Zero   RW          275    .bss.IF_Action_ENABLE  myusart.o
    0x20000295        -       0x00000001   Zero   RW           11    .bss.IF_Arm_Down    chassistask.o
    0x20000296   COMPRESSED   0x00000002   PAD
    0x20000298        -       0x0000000c   Zero   RW           81    .bss.INS_angle      instask.o
    0x200002a4        -       0x00000010   Zero   RW           80    .bss.INS_quat       instask.o
    0x200002b4        -       0x00000004   Zero   RW           86    .bss.INS_task_local_handler  instask.o
    0x200002b8        -       0x00000018   Zero   RW           89    .bss.Imu            instask.o
    0x200002d0        -       0x00000044   Zero   RW           21    .bss.LeftWheel_pid  chassistask.o
    0x20000314        -       0x0000000c   Zero   RW           29    .bss.Left_Speed     chassistask.o
    0x20000320        -       0x00000004   Zero   RW           47    .bss.OutBall_Ctrl.Out_Cnt  chassistask.o
    0x20000324        -       0x00000001   Zero   RW           46    .bss.OutBall_Ctrl.Reset  chassistask.o
    0x20000325   COMPRESSED   0x00000003   PAD
    0x20000328        -       0x00000044   Zero   RW           17    .bss.PitAngle_pid   chassistask.o
    0x2000036c        -       0x00000044   Zero   RW           18    .bss.PitGyro_pid    chassistask.o
    0x200003b0        -       0x00000001   Zero   RW           42    .bss.Point_Action.IF_GET_ENABLE  chassistask.o
    0x200003b1        -       0x00000001   Zero   RW           43    .bss.Point_Action.IF_OUT_ENABLE  chassistask.o
    0x200003b2        -       0x00000002   Zero   RW           40    .bss.Point_Action.Switch_Cnt  chassistask.o
    0x200003b4        -       0x00000001   Zero   RW           41    .bss.Point_Action.point_Cnt  chassistask.o
    0x200003b5   COMPRESSED   0x00000003   PAD
    0x200003b8        -       0x00000044   Zero   RW           15    .bss.PostureX_pid   chassistask.o
    0x200003fc        -       0x00000044   Zero   RW           14    .bss.PostureY_pid   chassistask.o
    0x20000440        -       0x0000000c   Zero   RW          279    .bss.Presentline    myusart.o
    0x2000044c        -       0x00000044   Zero   RW           20    .bss.RightWheel_pid  chassistask.o
    0x20000490        -       0x0000000c   Zero   RW           30    .bss.Right_Speed    chassistask.o
    0x2000049c        -       0x00000044   Zero   RW           22    .bss.Sideway_pid    chassistask.o
    0x200004e0        -       0x00000044   Zero   RW           16    .bss.Speed_pid      chassistask.o
    0x20000524        -       0x00000028   Zero   RW           27    .bss.Table          chassistask.o
    0x2000054c        -       0x00000044   Zero   RW           25    .bss.TableAngle_pid  chassistask.o
    0x20000590        -       0x00000044   Zero   RW           26    .bss.TableSpeed_pid  chassistask.o
    0x200005d4        -       0x00000044   Zero   RW           19    .bss.Turn_pid       chassistask.o
    0x20000618        -       0x0000001c   Zero   RW          277    .bss.UART1_RX_BUF   myusart.o
    0x20000634        -       0x00000009   Zero   RW           87    .bss.accel_dma_rx_buf  instask.o
    0x2000063d        -       0x00000004   Zero   RW           88    .bss.accel_temp_dma_rx_buf  instask.o
    0x20000641        -       0x00000001   Zero   RW           77    .bss.accel_temp_update_flag  instask.o
    0x20000642        -       0x00000001   Zero   RW           76    .bss.accel_update_flag  instask.o
    0x20000643   COMPRESSED   0x00000001   PAD
    0x20000644        -       0x00000004   Zero   RW           37    .bss.armout         chassistask.o
    0x20000648        -       0x00000024   Zero   RW           82    .bss.bmi088_real_data  instask.o
    0x2000066c        -       0x00000004   Zero   RW            6    .bss.distance       chassistask.o
    0x20000670        -       0x00000014   Zero   RW          200    .bss.encoder2Angle.angle_Last  motor.o
    0x20000684        -       0x00000014   Zero   RW          201    .bss.encoder2Angle.result_Encoder  motor.o
    0x20000698        -       0x00000001   Zero   RW           92    .bss.first_temperate  instask.o
    0x20000699        -       0x00000008   Zero   RW           85    .bss.gyro_dma_rx_buf  instask.o
    0x200006a1        -       0x00000001   Zero   RW           75    .bss.gyro_update_flag  instask.o
    0x200006a2   COMPRESSED   0x00000002   PAD
    0x200006a4        -       0x00000004   Zero   RW          162    .bss.haltick        haltick.o
    0x200006a8        -       0x00000028   Zero   RW          455    .bss.hcan1          can.o
    0x200006d0        -       0x00000028   Zero   RW          456    .bss.hcan2          can.o
    0x200006f8        -       0x00000024   Zero   RW          222    .bss.hcanRxFrame    mycan.o
    0x2000071c        -       0x00000060   Zero   RW          482    .bss.hdma_spi1_rx   spi.o
    0x2000077c        -       0x00000060   Zero   RW          483    .bss.hdma_spi1_tx   spi.o
    0x200007dc        -       0x00000060   Zero   RW          535    .bss.hdma_usart1_rx  usart.o
    0x2000083c        -       0x00000060   Zero   RW          536    .bss.hdma_usart1_tx  usart.o
    0x2000089c        -       0x00000060   Zero   RW          538    .bss.hdma_usart6_rx  usart.o
    0x200008fc        -       0x00000060   Zero   RW          537    .bss.hdma_usart6_tx  usart.o
    0x2000095c        -       0x00000058   Zero   RW          481    .bss.hspi1          spi.o
    0x200009b4        -       0x00000048   Zero   RW          512    .bss.htim1          tim.o
    0x200009fc        -       0x00000048   Zero   RW          515    .bss.htim10         tim.o
    0x20000a44        -       0x00000048   Zero   RW          516    .bss.htim12         tim.o
    0x20000a8c        -       0x00000048   Zero   RW          613    .bss.htim2          stm32f4xx_hal_timebase_tim.o
    0x20000ad4        -       0x00000048   Zero   RW          513    .bss.htim4          tim.o
    0x20000b1c        -       0x00000048   Zero   RW          514    .bss.htim8          tim.o
    0x20000b64        -       0x00000044   Zero   RW          533    .bss.huart1         usart.o
    0x20000ba8        -       0x00000044   Zero   RW          534    .bss.huart6         usart.o
    0x20000bec        -       0x00000001   Zero   RW           79    .bss.imu_start_dma_flag  instask.o
    0x20000bed        -       0x00000001   Zero   RW           91    .bss.imu_temp_control.temp_constant_time  instask.o
    0x20000bee   COMPRESSED   0x00000002   PAD
    0x20000bf0        -       0x0000002c   Zero   RW           83    .bss.imu_temp_pid   instask.o
    0x20000c1c        -       0x00000004   Zero   RW          334    .bss.integralFBx    mahonyahrs.o
    0x20000c20        -       0x00000004   Zero   RW          335    .bss.integralFBy    mahonyahrs.o
    0x20000c24        -       0x00000004   Zero   RW          336    .bss.integralFBz    mahonyahrs.o
    0x20000c28        -       0x00000010   Zero   RW           84    .bss.ist8310_real_data  instask.o
    0x20000c38        -       0x00000004   Zero   RW           32    .bss.leftExp        chassistask.o
    0x20000c3c        -       0x00000004   Zero   RW           34    .bss.leftout        chassistask.o
    0x20000c40        -       0x00000001   Zero   RW           78    .bss.mag_update_flag  instask.o
    0x20000c41   COMPRESSED   0x00000003   PAD
    0x20000c44        -       0x00000004   Zero   RW          437    .bss.myChassisTaskHandle  freertos.o
    0x20000c48        -       0x00000004   Zero   RW          436    .bss.myINSTaskHandle  freertos.o
    0x20000c4c        -       0x00000004   Zero   RW          438    .bss.mySerialTaskHandle  freertos.o
    0x20000c50        -       0x00000004   Zero   RW          902    .bss.pxCurrentTCB   tasks.o
    0x20000c54        -       0x00000004   Zero   RW          912    .bss.pxDelayedTaskList  tasks.o
    0x20000c58        -       0x00000004   Zero   RW         1064    .bss.pxEnd          heap_4.o
    0x20000c5c        -       0x00000004   Zero   RW          913    .bss.pxOverflowDelayedTaskList  tasks.o
    0x20000c60        -       0x0000008c   Zero   RW          903    .bss.pxReadyTasksLists  tasks.o
    0x20000cec        -       0x00000004   Zero   RW           33    .bss.rightExp       chassistask.o
    0x20000cf0        -       0x00000004   Zero   RW           35    .bss.rightout       chassistask.o
    0x20000cf4        -       0x00000004   Zero   RW           36    .bss.sideout        chassistask.o
    0x20000cf8        -       0x00000004   Zero   RW           31    .bss.speed          chassistask.o
    0x20000cfc        -       0x00000001   Zero   RW           10    .bss.tableCnt       chassistask.o
    0x20000cfd   COMPRESSED   0x00000003   PAD
    0x20000d00        -       0x00000004   Zero   RW           38    .bss.tableout       chassistask.o
    0x20000d04        -       0x00000004   Zero   RW            8    .bss.target_x       chassistask.o
    0x20000d08        -       0x00000004   Zero   RW            9    .bss.target_y       chassistask.o
    0x20000d0c        -       0x00000004   Zero   RW          333    .bss.twoKi          mahonyahrs.o
    0x20000d10        -       0x00003c00   Zero   RW         1071    .bss.ucHeap         heap_4.o
    0x20004910        -       0x00000001   Zero   RW         1106    .bss.ucMaxSysCallPriority  port.o
    0x20004911   COMPRESSED   0x00000003   PAD
    0x20004914        -       0x00000004   Zero   RW         1107    .bss.ulMaxPRIGROUPValue  port.o
    0x20004918        -       0x00000004   Zero   RW         1544    .bss.uwTick         stm32f4xx_hal.o
    0x2000491c        -       0x00000004   Zero   RW          908    .bss.uxCurrentNumberOfTasks  tasks.o
    0x20004920        -       0x00000004   Zero   RW          907    .bss.uxDeletedTasksWaitingCleanUp  tasks.o
    0x20004924        -       0x00000004   Zero   RW          910    .bss.uxSchedulerSuspended  tasks.o
    0x20004928        -       0x00000004   Zero   RW          905    .bss.uxTaskNumber   tasks.o
    0x2000492c        -       0x00000004   Zero   RW          904    .bss.uxTopReadyPriority  tasks.o
    0x20004930        -       0x00000001   Zero   RW         1065    .bss.xBlockAllocatedBit  heap_4.o
    0x20004931   COMPRESSED   0x00000003   PAD
    0x20004934        -       0x00000014   Zero   RW          921    .bss.xDelayedTaskList1  tasks.o
    0x20004948        -       0x00000014   Zero   RW          922    .bss.xDelayedTaskList2  tasks.o
    0x2000495c        -       0x00000004   Zero   RW         1066    .bss.xFreeBytesRemaining  heap_4.o
    0x20004960        -       0x00000200   Zero   RW          434    .bss.xIdleStack     freertos.o
    0x20004b60        -       0x00000004   Zero   RW          916    .bss.xIdleTaskHandle  tasks.o
    0x20004b64        -       0x00000054   Zero   RW          433    .bss.xIdleTaskTCBBuffer  freertos.o
    0x20004bb8        -       0x00000004   Zero   RW         1068    .bss.xMinimumEverFreeBytesRemaining  heap_4.o
    0x20004bbc        -       0x00000004   Zero   RW          917    .bss.xNextTaskUnblockTime  tasks.o
    0x20004bc0        -       0x00000004   Zero   RW          920    .bss.xNumOfOverflows  tasks.o
    0x20004bc4        -       0x00000004   Zero   RW         1069    .bss.xNumberOfSuccessfulAllocations  heap_4.o
    0x20004bc8        -       0x00000004   Zero   RW         1070    .bss.xNumberOfSuccessfulFrees  heap_4.o
    0x20004bcc        -       0x00000004   Zero   RW          919    .bss.xPendedTicks   tasks.o
    0x20004bd0        -       0x00000014   Zero   RW          915    .bss.xPendingReadyList  tasks.o
    0x20004be4        -       0x00000004   Zero   RW          909    .bss.xSchedulerRunning  tasks.o
    0x20004be8        -       0x00000008   Zero   RW         1067    .bss.xStart         heap_4.o
    0x20004bf0        -       0x00000014   Zero   RW          914    .bss.xSuspendedTaskList  tasks.o
    0x20004c04        -       0x00000014   Zero   RW          906    .bss.xTasksWaitingTermination  tasks.o
    0x20004c18        -       0x00000004   Zero   RW          911    .bss.xTickCount     tasks.o
    0x20004c1c        -       0x00000004   Zero   RW          918    .bss.xYieldPending  tasks.o
    0x20004c20        -       0x00000200   Zero   RW          637    HEAP                startup_stm32f407xx.o
    0x20004e20        -       0x00000400   Zero   RW          636    STACK               startup_stm32f407xx.o


    Execution Region RW_IRAM2 (Exec base: 0x2001c000, Load base: 0x08008f08, Size: 0x00000000, Max: 0x00004000, ABSOLUTE)

    **** No section assigned to this execution region ****


==============================================================================

Image component sizes


      Code (inc. data)   RO Data    RW Data    ZI Data      Debug   Object Name

      2964          4         54          8          0      10531   bmi088.o
       412          0          0          0         84       6595   can.o
      3114        136          0        148       1029       6096   chassistask.o
       146          0          0          0          0      21775   cmsis_os.o
       136          0          0          0          0       3464   dma.o
       246         84         37          0        608       3648   freertos.o
       340          0          0          0          0       4165   gpio.o
        88          0          0          0          4       1944   haltick.o
       618          0          0          0      15389       4762   heap_4.o
      2596         36          0         21        186       7558   instask.o
       178          4          0          0          0       3608   ist8310.o
       150          0          0          0          0       2213   list.o
      1772         16          0          4         16       6221   mahonyahrs.o
       328          0          0          0          0       6154   main.o
       460         24          0        120         40       3580   motor.o
       268          0          0         64         36       5267   mycan.o
       586          0          0          0          0       2436   myiic.o
      2330          0          0          0          0       5296   myspi.o
       260         16          0          0         41       5358   myusart.o
       450          8          0          0          0       3032   pid.o
       892         16          0          4          5       4050   port.o
        90          0          0          0          2       1332   serialtask.o
       366          0          0          0        280       7116   spi.o
        64         26        392          0       1536        836   startup_stm32f407xx.o
        92          0          0          5          4       7283   stm32f4xx_hal.o
      1392          6          0          0          0      13223   stm32f4xx_hal_can.o
       154          0          0          0          0      10373   stm32f4xx_hal_cortex.o
      1038          4          8          0          0       9885   stm32f4xx_hal_dma.o
       452          0          0          0          0       5023   stm32f4xx_hal_gpio.o
        66          0          0          0          0       3520   stm32f4xx_hal_msp.o
      1432          0          0          0          0       7262   stm32f4xx_hal_rcc.o
      1240          0          0          0          0      21583   stm32f4xx_hal_spi.o
      1938          4          0          0          0      49881   stm32f4xx_hal_tim.o
       254          0          0          0          0      20980   stm32f4xx_hal_tim_ex.o
       172          0          0          0         72       7244   stm32f4xx_hal_timebase_tim.o
      1760          0          0          0          0      24871   stm32f4xx_hal_uart.o
       244          0          0          0          0       9546   stm32f4xx_it.o
        18          0         24          4          0       2635   system_stm32f4xx.o
      2718          8          0          0        300      27716   tasks.o
      1358          0          0          0        360       8001   tim.o
       680          0          0          0        520       7560   usart.o

    ----------------------------------------------------------------------
     33938        392        548        384      20544     363623   Object Totals
         0          0         32          0          0          0   (incl. Generated)
        76          0          1          6         32          0   (incl. Padding)

    ----------------------------------------------------------------------

      Code (inc. data)   RO Data    RW Data    ZI Data      Debug   Library Member Name

        90          0          0          0          0          0   __dczerorl2.o
         8          0          0          0          0         68   __main.o
         0          0          0          0          0          0   __rtentry.o
        12          0          0          0          0          0   __rtentry2.o
         6          0          0          0          0          0   __rtentry4.o
        52          8          0          0          0          0   __scatter.o
        28          0          0          0          0          0   __scatter_zi.o
        22          0          0          0          0        100   _rserrno.o
        18          0          0          0          0         80   exit.o
         6          0          0          0          0        152   heapauxi.o
         0          0          0          0          0          0   indicate_semi.o
         2          0          0          0          0          0   libinit.o
         6          0          0          0          0          0   libinit2.o
         2          0          0          0          0          0   libshutdown.o
         2          0          0          0          0          0   libshutdown2.o
         8          4          0          0         96         68   libspace.o
       240          0          0          0          0        100   lludivv7m.o
         8          4          0          0          0         68   rt_errno_addr_intlibspace.o
        78          0          0          0          0         80   rt_memclr_w.o
         2          0          0          0          0          0   rtexit.o
        10          0          0          0          0          0   rtexit2.o
        62          0          0          0          0         76   strlen.o
        12          4          0          0          0         68   sys_exit.o
        74          0          0          0          0         80   sys_stackheap_outer.o
         2          0          0          0          0         68   use_no_semi.o
        26          0          0          0          0        116   fpinit.o
         0          0          0          0          0          0   usenofp.o
       300         42          0          0          0        176   asinf.o
       684         90          0          0          0        208   atan2f.o
        38          0          0          0          0        116   fpclassifyf.o
        44         12          0          0          0        464   funder.o
       120          0          0          0          0        272   sqrtf.o

    ----------------------------------------------------------------------
      1970        164          0          0         96       2360   Library Totals
         8          0          0          0          0          0   (incl. Padding)

    ----------------------------------------------------------------------

      Code (inc. data)   RO Data    RW Data    ZI Data      Debug   Library Name

       750         20          0          0         96       1008   c_w.l
        26          0          0          0          0        116   fz_wm.l
      1186        144          0          0          0       1236   m_wm.l

    ----------------------------------------------------------------------
      1970        164          0          0         96       2360   Library Totals

    ----------------------------------------------------------------------

==============================================================================


      Code (inc. data)   RO Data    RW Data    ZI Data      Debug   

     35908        556        548        384      20640     363987   Grand Totals
     35908        556        548        160      20640     363987   ELF Image Totals (compressed)
     35908        556        548        160          0          0   ROM Totals

==============================================================================

    Total RO  Size (Code + RO Data)                36456 (  35.60kB)
    Total RW  Size (RW Data + ZI Data)             21024 (  20.53kB)
    Total ROM Size (Code + RO Data + RW Data)      36616 (  35.76kB)

==============================================================================

